<?xml version="1.0" encoding="utf-8"?>
<TestRun id="fc3c33c4-f845-495c-8bef-be89a5fc3326" name="@runnervmwhb2z 2025-10-12 08:25:49" xmlns="http://microsoft.com/schemas/VisualStudio/TeamTest/2010">
  <Times creation="2025-10-12T08:25:49.7206052+00:00" queuing="2025-10-12T08:25:49.7206053+00:00" start="2025-10-12T08:25:48.9767933+00:00" finish="2025-10-12T08:25:49.7784124+00:00" />
  <TestSettings name="default" id="7b6a0c10-9932-480e-89a6-0c92642ed0ff">
    <Deployment runDeploymentRoot="_runnervmwhb2z_2025-10-12_08_25_49" />
  </TestSettings>
  <Results>
    <UnitTestResult executionId="0491add2-f0da-4310-a915-c02f02658148" testId="0c880a6c-9e24-7662-e230-5829abfc984c" testName="ManagedCode.MimeTypes.Tests.ContentDetectionTests.WebpHeader_ShouldBeDetected" computerName="runnervmwhb2z" duration="00:00:00.0002041" startTime="2025-10-12T08:25:49.6820882+00:00" endTime="2025-10-12T08:25:49.6822112+00:00" testType="13cdc9d9-ddb5-4fa4-a97d-d965ccfc6d4b" outcome="Passed" testListId="8c84fa94-04c1-424b-9868-57a2d4851a1d" relativeResultsDirectory="0491add2-f0da-4310-a915-c02f02658148" />
    <UnitTestResult executionId="b0467d47-3a77-4e2e-9716-f7334da858e6" testId="73117744-d979-e681-d0d4-3aec4963b1f4" testName="ManagedCode.MimeTypes.Tests.MimeCategoryTests.BasicMimeCategories_ShouldMatch(mime: &quot;audio/midi&quot;, expectedCategory: Audio)" computerName="runnervmwhb2z" duration="00:00:00.0002079" startTime="2025-10-12T08:25:49.6849465+00:00" endTime="2025-10-12T08:25:49.6850500+00:00" testType="13cdc9d9-ddb5-4fa4-a97d-d965ccfc6d4b" outcome="Passed" testListId="8c84fa94-04c1-424b-9868-57a2d4851a1d" relativeResultsDirectory="b0467d47-3a77-4e2e-9716-f7334da858e6" />
    <UnitTestResult executionId="96020bf9-db33-4619-9c17-c5ddb0d880fa" testId="cca6d3ba-8f8d-fd3b-dbd1-1a25d953fbf3" testName="ManagedCode.MimeTypes.Tests.MimeCategoryTests.MessageMimeTypes_ShouldBeMessage(mime: &quot;message/rfc822&quot;)" computerName="runnervmwhb2z" duration="00:00:00.0001642" startTime="2025-10-12T08:25:49.6918028+00:00" endTime="2025-10-12T08:25:49.6919009+00:00" testType="13cdc9d9-ddb5-4fa4-a97d-d965ccfc6d4b" outcome="Passed" testListId="8c84fa94-04c1-424b-9868-57a2d4851a1d" relativeResultsDirectory="96020bf9-db33-4619-9c17-c5ddb0d880fa" />
    <UnitTestResult executionId="ad0959c1-da9a-497a-9846-efed800a6533" testId="1e7ac6be-4fc0-a850-c51d-ccaf07afadd2" testName="ManagedCode.MimeTypes.Tests.MimeCategoryTests.BasicMimeCategories_ShouldMatch(mime: &quot;text/plain&quot;, expectedCategory: Text)" computerName="runnervmwhb2z" duration="00:00:00.0000096" startTime="2025-10-12T08:25:49.6875987+00:00" endTime="2025-10-12T08:25:49.6878405+00:00" testType="13cdc9d9-ddb5-4fa4-a97d-d965ccfc6d4b" outcome="Passed" testListId="8c84fa94-04c1-424b-9868-57a2d4851a1d" relativeResultsDirectory="ad0959c1-da9a-497a-9846-efed800a6533" />
    <UnitTestResult executionId="bb95584d-243e-42ba-917f-d5bf8a7f975d" testId="5f299049-2758-c4d1-3c06-07f364f32f3b" testName="ManagedCode.MimeTypes.Tests.MimeCategoryTests.BinaryMimeTypes_ShouldBeBinary(mime: &quot;application/octet-stream&quot;)" computerName="runnervmwhb2z" duration="00:00:00.0001587" startTime="2025-10-12T08:25:49.6991478+00:00" endTime="2025-10-12T08:25:49.6992618+00:00" testType="13cdc9d9-ddb5-4fa4-a97d-d965ccfc6d4b" outcome="Passed" testListId="8c84fa94-04c1-424b-9868-57a2d4851a1d" relativeResultsDirectory="bb95584d-243e-42ba-917f-d5bf8a7f975d" />
    <UnitTestResult executionId="421eaabe-6530-4af1-8a42-253e027ced44" testId="dc1e8227-1da0-ae01-00f8-62d6fabd9578" testName="ManagedCode.MimeTypes.Tests.ContentDetectionTests.FilePathOverload_ShouldDetect" computerName="runnervmwhb2z" duration="00:00:00.0009970" startTime="2025-10-12T08:25:49.6436390+00:00" endTime="2025-10-12T08:25:49.6814915+00:00" testType="13cdc9d9-ddb5-4fa4-a97d-d965ccfc6d4b" outcome="Passed" testListId="8c84fa94-04c1-424b-9868-57a2d4851a1d" relativeResultsDirectory="421eaabe-6530-4af1-8a42-253e027ced44" />
    <UnitTestResult executionId="56ffbda4-2155-416f-88cb-aab0e7cd196b" testId="f0a75824-9def-8c88-af1f-0c7f2266e9dd" testName="ManagedCode.MimeTypes.Tests.MimeCategoryTests.BasicMimeCategories_ShouldMatch(mime: &quot;image/png&quot;, expectedCategory: Image)" computerName="runnervmwhb2z" duration="00:00:00.0000079" startTime="2025-10-12T08:25:49.6894034+00:00" endTime="2025-10-12T08:25:49.6895026+00:00" testType="13cdc9d9-ddb5-4fa4-a97d-d965ccfc6d4b" outcome="Passed" testListId="8c84fa94-04c1-424b-9868-57a2d4851a1d" relativeResultsDirectory="56ffbda4-2155-416f-88cb-aab0e7cd196b" />
    <UnitTestResult executionId="7d3c22fb-5ea3-4033-9fbe-efa77f4ff21f" testId="9b2409b0-525c-0a1a-771b-beab4333cbef" testName="ManagedCode.MimeTypes.Tests.MimeCategoryTests.XmlMimeTypes_ShouldBeXml(mime: &quot;application/xml&quot;)" computerName="runnervmwhb2z" duration="00:00:00.0000097" startTime="2025-10-12T08:25:49.6959956+00:00" endTime="2025-10-12T08:25:49.6960983+00:00" testType="13cdc9d9-ddb5-4fa4-a97d-d965ccfc6d4b" outcome="Passed" testListId="8c84fa94-04c1-424b-9868-57a2d4851a1d" relativeResultsDirectory="7d3c22fb-5ea3-4033-9fbe-efa77f4ff21f" />
    <UnitTestResult executionId="b483ad80-1229-4edf-bf34-1926d3bc73d2" testId="3c017b5e-3121-3760-4852-df60d2135419" testName="ManagedCode.MimeTypes.Tests.ContentDetectionTests.PdfHeader_ShouldBeDetected" computerName="runnervmwhb2z" duration="00:00:00.0001979" startTime="2025-10-12T08:25:49.6431283+00:00" endTime="2025-10-12T08:25:49.6433080+00:00" testType="13cdc9d9-ddb5-4fa4-a97d-d965ccfc6d4b" outcome="Passed" testListId="8c84fa94-04c1-424b-9868-57a2d4851a1d" relativeResultsDirectory="b483ad80-1229-4edf-bf34-1926d3bc73d2" />
    <UnitTestResult executionId="2b703aea-0d65-4ee5-acfd-878a8a410504" testId="72b96d65-2fc0-dcd2-c59d-6b38e60a5f09" testName="ManagedCode.MimeTypes.Tests.MimeCategoryTests.BasicMimeCategories_ShouldMatch(mime: &quot;video/mp4&quot;, expectedCategory: Video)" computerName="runnervmwhb2z" duration="00:00:00.0000203" startTime="2025-10-12T08:25:49.6852545+00:00" endTime="2025-10-12T08:25:49.6853571+00:00" testType="13cdc9d9-ddb5-4fa4-a97d-d965ccfc6d4b" outcome="Passed" testListId="8c84fa94-04c1-424b-9868-57a2d4851a1d" relativeResultsDirectory="2b703aea-0d65-4ee5-acfd-878a8a410504" />
    <UnitTestResult executionId="5cb065db-ca31-45bb-adc8-120ea2e24233" testId="e14c07f0-2fd7-eaec-bffb-067642752ff5" testName="ManagedCode.MimeTypes.Tests.MimeCategoryTests.ArchiveMimeTypes_ShouldBeArchive(mime: &quot;application/x-rar-compressed&quot;)" computerName="runnervmwhb2z" duration="00:00:00.0000098" startTime="2025-10-12T08:25:49.7027812+00:00" endTime="2025-10-12T08:25:49.7028767+00:00" testType="13cdc9d9-ddb5-4fa4-a97d-d965ccfc6d4b" outcome="Passed" testListId="8c84fa94-04c1-424b-9868-57a2d4851a1d" relativeResultsDirectory="5cb065db-ca31-45bb-adc8-120ea2e24233" />
    <UnitTestResult executionId="52db76ac-f5df-4263-9c64-5b1b5de7b112" testId="32ae5471-eab8-b4d7-9c01-74e788dd6d8f" testName="ManagedCode.MimeTypes.Tests.MimeCategoryTests.PresentationMimeTypes_ShouldBePresentation(mime: &quot;application/vnd.openxmlformats-officedocument.pres&quot;···)" computerName="runnervmwhb2z" duration="00:00:00.0000209" startTime="2025-10-12T08:25:49.7000635+00:00" endTime="2025-10-12T08:25:49.7001821+00:00" testType="13cdc9d9-ddb5-4fa4-a97d-d965ccfc6d4b" outcome="Passed" testListId="8c84fa94-04c1-424b-9868-57a2d4851a1d" relativeResultsDirectory="52db76ac-f5df-4263-9c64-5b1b5de7b112" />
    <UnitTestResult executionId="44654278-d8cc-4ee3-a59d-5a9ba0929bcf" testId="5c63dbcd-5047-2ba0-38c5-907b2ea0d078" testName="ManagedCode.MimeTypes.Tests.ContentDetectionTests.EmptyStream_ShouldReturnDefault" computerName="runnervmwhb2z" duration="00:00:00.0001395" startTime="2025-10-12T08:25:49.6427483+00:00" endTime="2025-10-12T08:25:49.6428603+00:00" testType="13cdc9d9-ddb5-4fa4-a97d-d965ccfc6d4b" outcome="Passed" testListId="8c84fa94-04c1-424b-9868-57a2d4851a1d" relativeResultsDirectory="44654278-d8cc-4ee3-a59d-5a9ba0929bcf" />
    <UnitTestResult executionId="776d8287-c0a8-4b08-bdd1-557f944615a5" testId="15717058-346f-921e-5ac6-daefc29ede2f" testName="ManagedCode.MimeTypes.Tests.MimeCategoryTests.CertificateMimeTypes_ShouldBeCertificate(mime: &quot;application/x-pkcs12&quot;)" computerName="runnervmwhb2z" duration="00:00:00.0001896" startTime="2025-10-12T08:25:49.7071124+00:00" endTime="2025-10-12T08:25:49.7072425+00:00" testType="13cdc9d9-ddb5-4fa4-a97d-d965ccfc6d4b" outcome="Passed" testListId="8c84fa94-04c1-424b-9868-57a2d4851a1d" relativeResultsDirectory="776d8287-c0a8-4b08-bdd1-557f944615a5" />
    <UnitTestResult executionId="1f0b5b61-6f83-4ecc-af48-a697d3583bdf" testId="9a89f9bd-5adc-96d7-089d-4256b370313e" testName="ManagedCode.MimeTypes.Tests.MimeCategoryTests.BasicMimeCategories_ShouldMatch(mime: &quot;image/jpeg&quot;, expectedCategory: Image)" computerName="runnervmwhb2z" duration="00:00:00.0000092" startTime="2025-10-12T08:25:49.6908388+00:00" endTime="2025-10-12T08:25:49.6909479+00:00" testType="13cdc9d9-ddb5-4fa4-a97d-d965ccfc6d4b" outcome="Passed" testListId="8c84fa94-04c1-424b-9868-57a2d4851a1d" relativeResultsDirectory="1f0b5b61-6f83-4ecc-af48-a697d3583bdf" />
    <UnitTestResult executionId="43719863-e8eb-42bb-862b-617139a5d53a" testId="91e552e0-aa9f-3843-d54f-719eae0c0c6d" testName="ManagedCode.MimeTypes.Tests.MimeCategoryTests.ExecutableMimeTypes_ShouldBeExecutable(mime: &quot;application/x-msi&quot;)" computerName="runnervmwhb2z" duration="00:00:00.0266957" startTime="2025-10-12T08:25:49.5963792+00:00" endTime="2025-10-12T08:25:49.6288816+00:00" testType="13cdc9d9-ddb5-4fa4-a97d-d965ccfc6d4b" outcome="Passed" testListId="8c84fa94-04c1-424b-9868-57a2d4851a1d" relativeResultsDirectory="43719863-e8eb-42bb-862b-617139a5d53a" />
    <UnitTestResult executionId="e99993d3-1d17-4175-a3ac-c8a042537ee9" testId="f3d23dd1-0da0-6be2-1000-b92b8225899a" testName="ManagedCode.MimeTypes.Tests.MimeCategoryTests.ExecutableMimeTypes_ShouldBeExecutable(mime: &quot;application/x-executable&quot;)" computerName="runnervmwhb2z" duration="00:00:00.0039379" startTime="2025-10-12T08:25:49.6396239+00:00" endTime="2025-10-12T08:25:49.6420211+00:00" testType="13cdc9d9-ddb5-4fa4-a97d-d965ccfc6d4b" outcome="Passed" testListId="8c84fa94-04c1-424b-9868-57a2d4851a1d" relativeResultsDirectory="e99993d3-1d17-4175-a3ac-c8a042537ee9" />
    <UnitTestResult executionId="6f4ca45f-bdfa-4ae8-910c-dce11ac63716" testId="4aca8d5a-5831-a934-edae-7bb35b401bf5" testName="ManagedCode.MimeTypes.Tests.MimeCategoryTests.MultipartMimeTypes_ShouldBeMultipart(mime: &quot;multipart/related&quot;)" computerName="runnervmwhb2z" duration="00:00:00.0000881" startTime="2025-10-12T08:25:49.7004135+00:00" endTime="2025-10-12T08:25:49.7005155+00:00" testType="13cdc9d9-ddb5-4fa4-a97d-d965ccfc6d4b" outcome="Passed" testListId="8c84fa94-04c1-424b-9868-57a2d4851a1d" relativeResultsDirectory="6f4ca45f-bdfa-4ae8-910c-dce11ac63716" />
    <UnitTestResult executionId="48066f8d-f6a5-4e7a-b2eb-d2c1f1477e8b" testId="339707e5-11d4-88ba-ca31-d5abbe69b589" testName="ManagedCode.MimeTypes.Tests.MimeCategoryTests.ArchiveMimeTypes_ShouldBeArchive(mime: &quot;application/zip&quot;)" computerName="runnervmwhb2z" duration="00:00:00.0000112" startTime="2025-10-12T08:25:49.7025103+00:00" endTime="2025-10-12T08:25:49.7026088+00:00" testType="13cdc9d9-ddb5-4fa4-a97d-d965ccfc6d4b" outcome="Passed" testListId="8c84fa94-04c1-424b-9868-57a2d4851a1d" relativeResultsDirectory="48066f8d-f6a5-4e7a-b2eb-d2c1f1477e8b" />
    <UnitTestResult executionId="01b0106e-66e7-45b9-9aa3-d0e6b9902cdf" testId="ffc393e9-3024-ebc7-2060-41e32c517f05" testName="ManagedCode.MimeTypes.Tests.ContentDetectionTests.Mp4Header_ShouldBeDetected" computerName="runnervmwhb2z" duration="00:00:00.0004314" startTime="2025-10-12T08:25:49.6418936+00:00" endTime="2025-10-12T08:25:49.6424106+00:00" testType="13cdc9d9-ddb5-4fa4-a97d-d965ccfc6d4b" outcome="Passed" testListId="8c84fa94-04c1-424b-9868-57a2d4851a1d" relativeResultsDirectory="01b0106e-66e7-45b9-9aa3-d0e6b9902cdf" />
    <UnitTestResult executionId="841505a3-b992-4e24-af94-d1e9e8ee525d" testId="a50a5bd8-c18d-9ab5-85e1-706d9755b578" testName="ManagedCode.MimeTypes.Tests.MimeCategoryTests.ArchiveMimeTypes_ShouldBeArchive(mime: &quot;application/gzip&quot;)" computerName="runnervmwhb2z" duration="00:00:00.0001367" startTime="2025-10-12T08:25:49.7022342+00:00" endTime="2025-10-12T08:25:49.7023383+00:00" testType="13cdc9d9-ddb5-4fa4-a97d-d965ccfc6d4b" outcome="Passed" testListId="8c84fa94-04c1-424b-9868-57a2d4851a1d" relativeResultsDirectory="841505a3-b992-4e24-af94-d1e9e8ee525d" />
    <UnitTestResult executionId="b480bdbb-d18a-4c93-af6c-6a1129678aee" testId="b9613faf-bf08-8c05-1251-46496ec33192" testName="ManagedCode.MimeTypes.Tests.MimeCategoryTests.JsonMimeTypes_ShouldBeJson(mime: &quot;application/activity+json&quot;)" computerName="runnervmwhb2z" duration="00:00:00.0001794" startTime="2025-10-12T08:25:49.6924143+00:00" endTime="2025-10-12T08:25:49.6925192+00:00" testType="13cdc9d9-ddb5-4fa4-a97d-d965ccfc6d4b" outcome="Passed" testListId="8c84fa94-04c1-424b-9868-57a2d4851a1d" relativeResultsDirectory="b480bdbb-d18a-4c93-af6c-6a1129678aee" />
    <UnitTestResult executionId="508fb9c8-d02b-4555-b2e2-99d59e008cb8" testId="4f19f0cf-dddb-4684-3e90-a74f31379c59" testName="ManagedCode.MimeTypes.Tests.MimeCategoryTests.PresentationMimeTypes_ShouldBePresentation(mime: &quot;application/vnd.oasis.opendocument.presentation&quot;)" computerName="runnervmwhb2z" duration="00:00:00.0002214" startTime="2025-10-12T08:25:49.6994864+00:00" endTime="2025-10-12T08:25:49.6995848+00:00" testType="13cdc9d9-ddb5-4fa4-a97d-d965ccfc6d4b" outcome="Passed" testListId="8c84fa94-04c1-424b-9868-57a2d4851a1d" relativeResultsDirectory="508fb9c8-d02b-4555-b2e2-99d59e008cb8" />
    <UnitTestResult executionId="7e1c9218-16cc-4b03-a441-943e5eb94df5" testId="4751d891-71d6-fe93-59c1-8206af82a43a" testName="ManagedCode.MimeTypes.Tests.MimeCategoryTests.ScriptMimeTypes_ShouldBeScript(mime: &quot;application/javascript&quot;)" computerName="runnervmwhb2z" duration="00:00:00.0000145" startTime="2025-10-12T08:25:49.7036490+00:00" endTime="2025-10-12T08:25:49.7037468+00:00" testType="13cdc9d9-ddb5-4fa4-a97d-d965ccfc6d4b" outcome="Passed" testListId="8c84fa94-04c1-424b-9868-57a2d4851a1d" relativeResultsDirectory="7e1c9218-16cc-4b03-a441-943e5eb94df5" />
    <UnitTestResult executionId="e39f942e-1bd5-45de-8408-91ff28a0cacd" testId="3372bcd7-7c6c-1c64-df67-89b38998d427" testName="ManagedCode.MimeTypes.Tests.MimeCategoryTests.EmptyMimeTypes_ShouldBeUnknown(mime: null)" computerName="runnervmwhb2z" duration="00:00:00.0000085" startTime="2025-10-12T08:25:49.6950727+00:00" endTime="2025-10-12T08:25:49.6951948+00:00" testType="13cdc9d9-ddb5-4fa4-a97d-d965ccfc6d4b" outcome="Passed" testListId="8c84fa94-04c1-424b-9868-57a2d4851a1d" relativeResultsDirectory="e39f942e-1bd5-45de-8408-91ff28a0cacd" />
    <UnitTestResult executionId="517a0d1e-f047-4050-a5bc-ce26a5da8ad9" testId="7e5bb02b-7899-7f65-c2a7-27dcf33af52a" testName="ManagedCode.MimeTypes.Tests.MimeCategoryTests.BasicMimeCategories_ShouldMatch(mime: &quot;font/woff2&quot;, expectedCategory: Font)" computerName="runnervmwhb2z" duration="00:00:00.0000056" startTime="2025-10-12T08:25:49.6896874+00:00" endTime="2025-10-12T08:25:49.6897883+00:00" testType="13cdc9d9-ddb5-4fa4-a97d-d965ccfc6d4b" outcome="Passed" testListId="8c84fa94-04c1-424b-9868-57a2d4851a1d" relativeResultsDirectory="517a0d1e-f047-4050-a5bc-ce26a5da8ad9" />
    <UnitTestResult executionId="61a4f8f8-562f-470c-9aef-545bcb304e4f" testId="bd7a691a-d432-c4f9-2db1-1e865e9d4f52" testName="ManagedCode.MimeTypes.Tests.MimeCategoryTests.InvalidMimeType_ShouldBeUnknown" computerName="runnervmwhb2z" duration="00:00:00.0001139" startTime="2025-10-12T08:25:49.7067642+00:00" endTime="2025-10-12T08:25:49.7068700+00:00" testType="13cdc9d9-ddb5-4fa4-a97d-d965ccfc6d4b" outcome="Passed" testListId="8c84fa94-04c1-424b-9868-57a2d4851a1d" relativeResultsDirectory="61a4f8f8-562f-470c-9aef-545bcb304e4f" />
    <UnitTestResult executionId="1a6b26db-c097-49ed-9a7d-d509b5c51607" testId="adda527c-ebe8-097f-3da1-691706519a50" testName="ManagedCode.MimeTypes.Tests.GeneratorTests.RuntimeRegistrationShouldUpdateLookups" computerName="runnervmwhb2z" duration="00:00:00.0019154" startTime="2025-10-12T08:25:49.6947866+00:00" endTime="2025-10-12T08:25:49.6967664+00:00" testType="13cdc9d9-ddb5-4fa4-a97d-d965ccfc6d4b" outcome="Passed" testListId="8c84fa94-04c1-424b-9868-57a2d4851a1d" relativeResultsDirectory="1a6b26db-c097-49ed-9a7d-d509b5c51607" />
    <UnitTestResult executionId="1adc07f2-a87a-4908-8a6a-ed9df92149d4" testId="535fb0cb-fc5b-35c2-0465-4fe18eda5fd4" testName="ManagedCode.MimeTypes.Tests.MimeCategoryTests.BasicMimeCategories_ShouldMatch(mime: &quot;font/ttf&quot;, expectedCategory: Font)" computerName="runnervmwhb2z" duration="00:00:00.0000096" startTime="2025-10-12T08:25:49.6888057+00:00" endTime="2025-10-12T08:25:49.6889003+00:00" testType="13cdc9d9-ddb5-4fa4-a97d-d965ccfc6d4b" outcome="Passed" testListId="8c84fa94-04c1-424b-9868-57a2d4851a1d" relativeResultsDirectory="1adc07f2-a87a-4908-8a6a-ed9df92149d4" />
    <UnitTestResult executionId="6f7b7f29-6ecf-4b8d-bd06-0d6d9df3c9c7" testId="ac71a68d-ec90-046c-3739-f580ed4552a3" testName="ManagedCode.MimeTypes.Tests.GeneratorTests.GetExtensionsShouldReturnKnownExtensions" computerName="runnervmwhb2z" duration="00:00:00.0016803" startTime="2025-10-12T08:25:49.6882020+00:00" endTime="2025-10-12T08:25:49.6945449+00:00" testType="13cdc9d9-ddb5-4fa4-a97d-d965ccfc6d4b" outcome="Passed" testListId="8c84fa94-04c1-424b-9868-57a2d4851a1d" relativeResultsDirectory="6f7b7f29-6ecf-4b8d-bd06-0d6d9df3c9c7" />
    <UnitTestResult executionId="09db7162-bfb7-43d3-82ea-83af0aa06f84" testId="f1af7270-00a4-945d-d086-fe5b44b5bcb2" testName="ManagedCode.MimeTypes.Tests.GeneratorTests.GeneratedPropertiesTest" computerName="runnervmwhb2z" duration="00:00:00.0006763" startTime="2025-10-12T08:25:49.6846691+00:00" endTime="2025-10-12T08:25:49.6877092+00:00" testType="13cdc9d9-ddb5-4fa4-a97d-d965ccfc6d4b" outcome="Passed" testListId="8c84fa94-04c1-424b-9868-57a2d4851a1d" relativeResultsDirectory="09db7162-bfb7-43d3-82ea-83af0aa06f84" />
    <UnitTestResult executionId="3c53b038-2978-4552-9702-ad9727282ca7" testId="930c0ba7-f833-0033-c625-ef0e1060b8c2" testName="ManagedCode.MimeTypes.Tests.MimeCategoryTests.BasicMimeCategories_ShouldMatch(mime: &quot;text/html&quot;, expectedCategory: Text)" computerName="runnervmwhb2z" duration="00:00:00.0039135" startTime="2025-10-12T08:25:49.6814007+00:00" endTime="2025-10-12T08:25:49.6847724+00:00" testType="13cdc9d9-ddb5-4fa4-a97d-d965ccfc6d4b" outcome="Passed" testListId="8c84fa94-04c1-424b-9868-57a2d4851a1d" relativeResultsDirectory="3c53b038-2978-4552-9702-ad9727282ca7" />
    <UnitTestResult executionId="09643097-a035-4255-927e-378614ea27a6" testId="cb59e0b9-c62d-92b2-6e3f-f101813dfe53" testName="ManagedCode.MimeTypes.Tests.MimeCategoryTests.MessageMimeTypes_ShouldBeMessage(mime: &quot;message/global&quot;)" computerName="runnervmwhb2z" duration="00:00:00.0000960" startTime="2025-10-12T08:25:49.6915177+00:00" endTime="2025-10-12T08:25:49.6916192+00:00" testType="13cdc9d9-ddb5-4fa4-a97d-d965ccfc6d4b" outcome="Passed" testListId="8c84fa94-04c1-424b-9868-57a2d4851a1d" relativeResultsDirectory="09643097-a035-4255-927e-378614ea27a6" />
    <UnitTestResult executionId="b8add9f5-bfca-47e7-a0c4-f65e0a3890ce" testId="d72bb4f2-8df9-4fc0-1c4c-382f8467979c" testName="ManagedCode.MimeTypes.Tests.MimeCategoryTests.XmlMimeTypes_ShouldBeXml(mime: &quot;application/mathml+xml&quot;)" computerName="runnervmwhb2z" duration="00:00:00.0001184" startTime="2025-10-12T08:25:49.6957194+00:00" endTime="2025-10-12T08:25:49.6958183+00:00" testType="13cdc9d9-ddb5-4fa4-a97d-d965ccfc6d4b" outcome="Passed" testListId="8c84fa94-04c1-424b-9868-57a2d4851a1d" relativeResultsDirectory="b8add9f5-bfca-47e7-a0c4-f65e0a3890ce" />
    <UnitTestResult executionId="95b27853-b125-4def-b95d-14eb1e87399d" testId="b4f042c7-ca79-c2c5-1a19-019877f61d79" testName="ManagedCode.MimeTypes.Tests.ContentDetectionTests.ShortStream_ShouldReturnDefault" computerName="runnervmwhb2z" duration="00:00:00.0267016" startTime="2025-10-12T08:25:49.5945039+00:00" endTime="2025-10-12T08:25:49.6354331+00:00" testType="13cdc9d9-ddb5-4fa4-a97d-d965ccfc6d4b" outcome="Passed" testListId="8c84fa94-04c1-424b-9868-57a2d4851a1d" relativeResultsDirectory="95b27853-b125-4def-b95d-14eb1e87399d" />
    <UnitTestResult executionId="483a2f64-9eda-494f-a4e8-a94a424c1bb8" testId="5753eb7c-1759-8608-f4be-0e1cf38a4878" testName="ManagedCode.MimeTypes.Tests.MimeCategoryTests.MultipartMimeTypes_ShouldBeMultipart(mime: &quot;multipart/form-data&quot;)" computerName="runnervmwhb2z" duration="00:00:00.0001190" startTime="2025-10-12T08:25:49.7015659+00:00" endTime="2025-10-12T08:25:49.7016697+00:00" testType="13cdc9d9-ddb5-4fa4-a97d-d965ccfc6d4b" outcome="Passed" testListId="8c84fa94-04c1-424b-9868-57a2d4851a1d" relativeResultsDirectory="483a2f64-9eda-494f-a4e8-a94a424c1bb8" />
    <UnitTestResult executionId="ebe06b1d-84cc-45e4-9c61-34c6d65c11c9" testId="63d70ae8-13b3-3451-4814-fa962ba764ef" testName="ManagedCode.MimeTypes.Tests.MimeCategoryTests.SpreadsheetMimeTypes_ShouldBeSpreadsheet(mime: &quot;application/vnd.oasis.opendocument.spreadsheet&quot;)" computerName="runnervmwhb2z" duration="00:00:00.0001832" startTime="2025-10-12T08:25:49.7039906+00:00" endTime="2025-10-12T08:25:49.7040909+00:00" testType="13cdc9d9-ddb5-4fa4-a97d-d965ccfc6d4b" outcome="Passed" testListId="8c84fa94-04c1-424b-9868-57a2d4851a1d" relativeResultsDirectory="ebe06b1d-84cc-45e4-9c61-34c6d65c11c9" />
    <UnitTestResult executionId="45cae598-e8d8-43c6-bd5f-24a8c48b00b1" testId="5cbc9f9f-9542-8a08-effd-d6d32c4d6cfb" testName="ManagedCode.MimeTypes.Tests.MimeCategoryTests.ExecutableMimeTypes_ShouldBeExecutable(mime: &quot;application/x-apple-diskimage&quot;)" computerName="runnervmwhb2z" duration="00:00:00.0014302" startTime="2025-10-12T08:25:49.6423056+00:00" endTime="2025-10-12T08:25:49.6437678+00:00" testType="13cdc9d9-ddb5-4fa4-a97d-d965ccfc6d4b" outcome="Passed" testListId="8c84fa94-04c1-424b-9868-57a2d4851a1d" relativeResultsDirectory="45cae598-e8d8-43c6-bd5f-24a8c48b00b1" />
    <UnitTestResult executionId="36f1eef7-f8d0-4324-b1e8-8c9993d9d200" testId="1dbcb2fd-eedf-7852-25cd-33d3f9c57612" testName="ManagedCode.MimeTypes.Tests.MimeCategoryTests.WordDocumentMimeTypes_ShouldBeDocument(mime: &quot;application/msword&quot;)" computerName="runnervmwhb2z" duration="00:00:00.0000099" startTime="2025-10-12T08:25:49.7064216+00:00" endTime="2025-10-12T08:25:49.7065234+00:00" testType="13cdc9d9-ddb5-4fa4-a97d-d965ccfc6d4b" outcome="Passed" testListId="8c84fa94-04c1-424b-9868-57a2d4851a1d" relativeResultsDirectory="36f1eef7-f8d0-4324-b1e8-8c9993d9d200" />
    <UnitTestResult executionId="8a742f4d-a890-4354-bb71-274ed3825a6f" testId="7e98a493-b792-98a0-032d-51170cf4e822" testName="ManagedCode.MimeTypes.Tests.MimeCategoryTests.SpreadsheetMimeTypes_ShouldBeSpreadsheet(mime: &quot;application/vnd.ms-excel&quot;)" computerName="runnervmwhb2z" duration="00:00:00.0000128" startTime="2025-10-12T08:25:49.7054939+00:00" endTime="2025-10-12T08:25:49.7055972+00:00" testType="13cdc9d9-ddb5-4fa4-a97d-d965ccfc6d4b" outcome="Passed" testListId="8c84fa94-04c1-424b-9868-57a2d4851a1d" relativeResultsDirectory="8a742f4d-a890-4354-bb71-274ed3825a6f" />
    <UnitTestResult executionId="3bedd156-c9a2-4b4c-8a0e-7419c9fe3071" testId="835420e7-8dcd-75f0-8c2d-7af9d3554a49" testName="ManagedCode.MimeTypes.Tests.MimeCategoryTests.JsonMimeTypes_ShouldBeJson(mime: &quot;application/json&quot;)" computerName="runnervmwhb2z" duration="00:00:00.0002853" startTime="2025-10-12T08:25:49.6921190+00:00" endTime="2025-10-12T08:25:49.6922440+00:00" testType="13cdc9d9-ddb5-4fa4-a97d-d965ccfc6d4b" outcome="Passed" testListId="8c84fa94-04c1-424b-9868-57a2d4851a1d" relativeResultsDirectory="3bedd156-c9a2-4b4c-8a0e-7419c9fe3071" />
    <UnitTestResult executionId="46957679-952b-4588-bc99-a497e24367f7" testId="dd0d701a-013f-fd1d-596a-ea6736052d9e" testName="ManagedCode.MimeTypes.Tests.GeneratorTests.ExtensionsTest" computerName="runnervmwhb2z" duration="00:00:00.0002092" startTime="2025-10-12T08:25:49.6982552+00:00" endTime="2025-10-12T08:25:49.6983592+00:00" testType="13cdc9d9-ddb5-4fa4-a97d-d965ccfc6d4b" outcome="Passed" testListId="8c84fa94-04c1-424b-9868-57a2d4851a1d" relativeResultsDirectory="46957679-952b-4588-bc99-a497e24367f7" />
    <UnitTestResult executionId="bce9a732-1d85-4616-b247-d474604a81c4" testId="ad210acf-f1e4-4b3f-e2d6-c4288371e4b6" testName="ManagedCode.MimeTypes.Tests.MimeCategoryTests.WordDocumentMimeTypes_ShouldBeDocument(mime: &quot;application/vnd.oasis.opendocument.text&quot;)" computerName="runnervmwhb2z" duration="00:00:00.0002137" startTime="2025-10-12T08:25:49.7058386+00:00" endTime="2025-10-12T08:25:49.7059478+00:00" testType="13cdc9d9-ddb5-4fa4-a97d-d965ccfc6d4b" outcome="Passed" testListId="8c84fa94-04c1-424b-9868-57a2d4851a1d" relativeResultsDirectory="bce9a732-1d85-4616-b247-d474604a81c4" />
    <UnitTestResult executionId="d3d913c0-7c14-43a9-a5ea-a84efa3895e8" testId="07e77815-9e06-2db8-7782-d199717439a2" testName="ManagedCode.MimeTypes.Tests.MimeCategoryTests.WordDocumentMimeTypes_ShouldBeDocument(mime: &quot;application/vnd.openxmlformats-officedocument.word&quot;···)" computerName="runnervmwhb2z" duration="00:00:00.0001173" startTime="2025-10-12T08:25:49.7061162+00:00" endTime="2025-10-12T08:25:49.7062495+00:00" testType="13cdc9d9-ddb5-4fa4-a97d-d965ccfc6d4b" outcome="Passed" testListId="8c84fa94-04c1-424b-9868-57a2d4851a1d" relativeResultsDirectory="d3d913c0-7c14-43a9-a5ea-a84efa3895e8" />
    <UnitTestResult executionId="99cae6f9-e33a-4328-8056-56abea451110" testId="5e2757ce-06b4-8538-6a00-cd60084cff35" testName="ManagedCode.MimeTypes.Tests.MimeCategoryTests.ScriptMimeTypes_ShouldBeScript(mime: &quot;text/x-php&quot;)" computerName="runnervmwhb2z" duration="00:00:00.0001777" startTime="2025-10-12T08:25:49.7030978+00:00" endTime="2025-10-12T08:25:49.7032178+00:00" testType="13cdc9d9-ddb5-4fa4-a97d-d965ccfc6d4b" outcome="Passed" testListId="8c84fa94-04c1-424b-9868-57a2d4851a1d" relativeResultsDirectory="99cae6f9-e33a-4328-8056-56abea451110" />
    <UnitTestResult executionId="67947a0d-8699-450b-8c4d-73a7567ce511" testId="4ebefa14-b9a7-f1c3-ed04-5ff6ed0eab08" testName="ManagedCode.MimeTypes.Tests.ContentDetectionTests.PngHeader_ShouldBeDetected" computerName="runnervmwhb2z" duration="00:00:00.0001252" startTime="2025-10-12T08:25:49.6824602+00:00" endTime="2025-10-12T08:25:49.6825601+00:00" testType="13cdc9d9-ddb5-4fa4-a97d-d965ccfc6d4b" outcome="Passed" testListId="8c84fa94-04c1-424b-9868-57a2d4851a1d" relativeResultsDirectory="67947a0d-8699-450b-8c4d-73a7567ce511" />
    <UnitTestResult executionId="ed7d7282-897c-41e6-b9b3-364453f7a6b4" testId="d71659be-01a5-9996-317a-684b9cbed495" testName="ManagedCode.MimeTypes.Tests.MimeCategoryTests.CertificateMimeTypes_ShouldBeCertificate(mime: &quot;application/x-x509-ca-cert&quot;)" computerName="runnervmwhb2z" duration="00:00:00.0000126" startTime="2025-10-12T08:25:49.7076943+00:00" endTime="2025-10-12T08:25:49.7077950+00:00" testType="13cdc9d9-ddb5-4fa4-a97d-d965ccfc6d4b" outcome="Passed" testListId="8c84fa94-04c1-424b-9868-57a2d4851a1d" relativeResultsDirectory="ed7d7282-897c-41e6-b9b3-364453f7a6b4" />
    <UnitTestResult executionId="7be952e9-4ed0-4b2d-bc28-7766b78a5674" testId="c6dc8e05-deb4-aba1-c015-e40f44ce0bc4" testName="ManagedCode.MimeTypes.Tests.MimeCategoryTests.PresentationMimeTypes_ShouldBePresentation(mime: &quot;application/vnd.ms-powerpoint&quot;)" computerName="runnervmwhb2z" duration="00:00:00.0001227" startTime="2025-10-12T08:25:49.6997655+00:00" endTime="2025-10-12T08:25:49.6998922+00:00" testType="13cdc9d9-ddb5-4fa4-a97d-d965ccfc6d4b" outcome="Passed" testListId="8c84fa94-04c1-424b-9868-57a2d4851a1d" relativeResultsDirectory="7be952e9-4ed0-4b2d-bc28-7766b78a5674" />
    <UnitTestResult executionId="7082d742-8659-422c-9477-aca360c5b74d" testId="066c9b77-bbd5-ac46-b7bf-6664ddeda961" testName="ManagedCode.MimeTypes.Tests.GeneratorTests.GeneratedDictionaryTest" computerName="runnervmwhb2z" duration="00:00:00.0001756" startTime="2025-10-12T08:25:49.6985971+00:00" endTime="2025-10-12T08:25:49.6987013+00:00" testType="13cdc9d9-ddb5-4fa4-a97d-d965ccfc6d4b" outcome="Passed" testListId="8c84fa94-04c1-424b-9868-57a2d4851a1d" relativeResultsDirectory="7082d742-8659-422c-9477-aca360c5b74d" />
    <UnitTestResult executionId="0a584d28-5e93-4a0e-bccb-ce30334a41e3" testId="ebfc1c88-7737-b36f-5cee-da985c98e36e" testName="ManagedCode.MimeTypes.Tests.MimeCategoryTests.CertificateMimeTypes_ShouldBeCertificate(mime: &quot;application/pkix-cert&quot;)" computerName="runnervmwhb2z" duration="00:00:00.0001686" startTime="2025-10-12T08:25:49.7074198+00:00" endTime="2025-10-12T08:25:49.7075232+00:00" testType="13cdc9d9-ddb5-4fa4-a97d-d965ccfc6d4b" outcome="Passed" testListId="8c84fa94-04c1-424b-9868-57a2d4851a1d" relativeResultsDirectory="0a584d28-5e93-4a0e-bccb-ce30334a41e3" />
    <UnitTestResult executionId="a8445b5e-ab16-47f1-8130-23380c3445b3" testId="c201bc6c-dee0-3f6b-1d29-4dd317a688c4" testName="ManagedCode.MimeTypes.Tests.MimeCategoryTests.ArchiveMimeTypes_ShouldBeArchive(mime: &quot;application/x-7z-compressed&quot;)" computerName="runnervmwhb2z" duration="00:00:00.0001810" startTime="2025-10-12T08:25:49.7019269+00:00" endTime="2025-10-12T08:25:49.7020319+00:00" testType="13cdc9d9-ddb5-4fa4-a97d-d965ccfc6d4b" outcome="Passed" testListId="8c84fa94-04c1-424b-9868-57a2d4851a1d" relativeResultsDirectory="a8445b5e-ab16-47f1-8130-23380c3445b3" />
    <UnitTestResult executionId="5174854c-7bf1-4981-b2e4-4fcac3d17b5e" testId="79501081-f8c5-3308-a6bc-915cd1a40aa7" testName="ManagedCode.MimeTypes.Tests.MimeCategoryTests.XmlMimeTypes_ShouldBeXml(mime: &quot;text/xml&quot;)" computerName="runnervmwhb2z" duration="00:00:00.0000051" startTime="2025-10-12T08:25:49.6963143+00:00" endTime="2025-10-12T08:25:49.6964152+00:00" testType="13cdc9d9-ddb5-4fa4-a97d-d965ccfc6d4b" outcome="Passed" testListId="8c84fa94-04c1-424b-9868-57a2d4851a1d" relativeResultsDirectory="5174854c-7bf1-4981-b2e4-4fcac3d17b5e" />
    <UnitTestResult executionId="758c0133-a18d-4764-99f2-461ddf2fe93f" testId="4d972c6d-b773-5aff-161e-f49243e906c7" testName="ManagedCode.MimeTypes.Tests.ContentDetectionTests.ZipHeader_ShouldFallbackToZip" computerName="runnervmwhb2z" duration="00:00:00.0032270" startTime="2025-10-12T08:25:49.6411200+00:00" endTime="2025-10-12T08:25:49.6412794+00:00" testType="13cdc9d9-ddb5-4fa4-a97d-d965ccfc6d4b" outcome="Passed" testListId="8c84fa94-04c1-424b-9868-57a2d4851a1d" relativeResultsDirectory="758c0133-a18d-4764-99f2-461ddf2fe93f" />
    <UnitTestResult executionId="9a2e3ed9-caa6-4519-9b5a-522260f538cd" testId="0eefffea-8275-e396-ada3-59fcce75a43e" testName="ManagedCode.MimeTypes.Tests.MimeCategoryTests.ScriptMimeTypes_ShouldBeScript(mime: &quot;application/x-sh&quot;)" computerName="runnervmwhb2z" duration="00:00:00.0001239" startTime="2025-10-12T08:25:49.7033839+00:00" endTime="2025-10-12T08:25:49.7034838+00:00" testType="13cdc9d9-ddb5-4fa4-a97d-d965ccfc6d4b" outcome="Passed" testListId="8c84fa94-04c1-424b-9868-57a2d4851a1d" relativeResultsDirectory="9a2e3ed9-caa6-4519-9b5a-522260f538cd" />
    <UnitTestResult executionId="c8409494-b033-40ae-add9-75518b271358" testId="56f15c12-9117-5adc-e7c3-2490d8f0db7d" testName="ManagedCode.MimeTypes.Tests.MimeCategoryTests.ExecutableMimeTypes_ShouldBeExecutable(mime: &quot;application/x-msdownload&quot;)" computerName="runnervmwhb2z" duration="00:00:00.0000119" startTime="2025-10-12T08:25:49.6808756+00:00" endTime="2025-10-12T08:25:49.6809918+00:00" testType="13cdc9d9-ddb5-4fa4-a97d-d965ccfc6d4b" outcome="Passed" testListId="8c84fa94-04c1-424b-9868-57a2d4851a1d" relativeResultsDirectory="c8409494-b033-40ae-add9-75518b271358" />
    <UnitTestResult executionId="39cf8087-6921-4ad8-a97b-503294a19b09" testId="a640372a-caf2-020d-271d-dba8a803ce92" testName="ManagedCode.MimeTypes.Tests.MimeCategoryTests.BinaryMimeTypes_ShouldBeBinary(mime: &quot;application/x-binary&quot;)" computerName="runnervmwhb2z" duration="00:00:00.0045928" startTime="2025-10-12T08:25:49.6966677+00:00" endTime="2025-10-12T08:25:49.6989697+00:00" testType="13cdc9d9-ddb5-4fa4-a97d-d965ccfc6d4b" outcome="Passed" testListId="8c84fa94-04c1-424b-9868-57a2d4851a1d" relativeResultsDirectory="39cf8087-6921-4ad8-a97b-503294a19b09" />
    <UnitTestResult executionId="eb46508a-6877-4729-b2a1-eeddcd57ca35" testId="03bef05b-6a48-573e-65c6-56423842f666" testName="ManagedCode.MimeTypes.Tests.MimeCategoryTests.EmptyMimeTypes_ShouldBeUnknown(mime: &quot;&quot;)" computerName="runnervmwhb2z" duration="00:00:00.0001544" startTime="2025-10-12T08:25:49.6944404+00:00" endTime="2025-10-12T08:25:49.6948879+00:00" testType="13cdc9d9-ddb5-4fa4-a97d-d965ccfc6d4b" outcome="Passed" testListId="8c84fa94-04c1-424b-9868-57a2d4851a1d" relativeResultsDirectory="eb46508a-6877-4729-b2a1-eeddcd57ca35" />
    <UnitTestResult executionId="45cfe482-6048-4d23-85de-9d0f55de5af9" testId="eea9e8e8-e74a-8c57-c251-fd3c867bddb3" testName="ManagedCode.MimeTypes.Tests.MimeCategoryTests.BasicMimeCategories_ShouldMatch(mime: &quot;model/gltf-binary&quot;, expectedCategory: Model)" computerName="runnervmwhb2z" duration="00:00:00.0000072" startTime="2025-10-12T08:25:49.6885426+00:00" endTime="2025-10-12T08:25:49.6886369+00:00" testType="13cdc9d9-ddb5-4fa4-a97d-d965ccfc6d4b" outcome="Passed" testListId="8c84fa94-04c1-424b-9868-57a2d4851a1d" relativeResultsDirectory="45cfe482-6048-4d23-85de-9d0f55de5af9" />
    <UnitTestResult executionId="9d1c686a-a017-4788-8c0f-5057aca3e1bf" testId="5e623721-2d8a-5451-c7f7-ce3905d82b60" testName="ManagedCode.MimeTypes.Tests.MimeCategoryTests.SpreadsheetMimeTypes_ShouldBeSpreadsheet(mime: &quot;application/vnd.openxmlformats-officedocument.spre&quot;···)" computerName="runnervmwhb2z" duration="00:00:00.0001391" startTime="2025-10-12T08:25:49.7052000+00:00" endTime="2025-10-12T08:25:49.7053114+00:00" testType="13cdc9d9-ddb5-4fa4-a97d-d965ccfc6d4b" outcome="Passed" testListId="8c84fa94-04c1-424b-9868-57a2d4851a1d" relativeResultsDirectory="9d1c686a-a017-4788-8c0f-5057aca3e1bf" />
    <UnitTestResult executionId="53a0c1fc-9805-48af-b58b-12f783955e04" testId="3fc1c83f-5904-eedc-dd65-162ba3081497" testName="ManagedCode.MimeTypes.Tests.MimeCategoryTests.XmlMimeTypes_ShouldBeXml(mime: &quot;application/atom+xml&quot;)" computerName="runnervmwhb2z" duration="00:00:00.0001621" startTime="2025-10-12T08:25:49.6954464+00:00" endTime="2025-10-12T08:25:49.6955492+00:00" testType="13cdc9d9-ddb5-4fa4-a97d-d965ccfc6d4b" outcome="Passed" testListId="8c84fa94-04c1-424b-9868-57a2d4851a1d" relativeResultsDirectory="53a0c1fc-9805-48af-b58b-12f783955e04" />
    <UnitTestResult executionId="a0eaa7b7-c3a2-4d63-af85-4c58aea60a0a" testId="4a16a0da-e5d4-c8ce-32fb-8f10c4e72008" testName="ManagedCode.MimeTypes.Tests.MimeCategoryTests.JsonMimeTypes_ShouldBeJson(mime: &quot;application/json5&quot;)" computerName="runnervmwhb2z" duration="00:00:00.0000093" startTime="2025-10-12T08:25:49.6929634+00:00" endTime="2025-10-12T08:25:49.6930640+00:00" testType="13cdc9d9-ddb5-4fa4-a97d-d965ccfc6d4b" outcome="Passed" testListId="8c84fa94-04c1-424b-9868-57a2d4851a1d" relativeResultsDirectory="a0eaa7b7-c3a2-4d63-af85-4c58aea60a0a" />
    <UnitTestResult executionId="abb19c05-e2d2-4368-9224-8412269d754c" testId="d45882a1-43b0-856d-c94d-3fc3430c78d5" testName="ManagedCode.MimeTypes.Tests.GeneratorTests.EmptyExtensionsTest" computerName="runnervmwhb2z" duration="00:00:00.0001184" startTime="2025-10-12T08:25:49.6978796+00:00" endTime="2025-10-12T08:25:49.6979877+00:00" testType="13cdc9d9-ddb5-4fa4-a97d-d965ccfc6d4b" outcome="Passed" testListId="8c84fa94-04c1-424b-9868-57a2d4851a1d" relativeResultsDirectory="abb19c05-e2d2-4368-9224-8412269d754c" />
    <UnitTestResult executionId="75b43e0f-2920-44c6-ad8b-c358b6db8b79" testId="8b37ee92-2a45-1f53-2e00-8dd37ae33597" testName="ManagedCode.MimeTypes.Tests.ContentDetectionTests.DocxHeader_ShouldBeDetected" computerName="runnervmwhb2z" duration="00:00:00.0001665" startTime="2025-10-12T08:25:49.6817484+00:00" endTime="2025-10-12T08:25:49.6818426+00:00" testType="13cdc9d9-ddb5-4fa4-a97d-d965ccfc6d4b" outcome="Passed" testListId="8c84fa94-04c1-424b-9868-57a2d4851a1d" relativeResultsDirectory="75b43e0f-2920-44c6-ad8b-c358b6db8b79" />
    <UnitTestResult executionId="7b0c06d8-4ca5-446b-bc38-e39b7bf4a1b5" testId="e18f9ccb-76ef-f10c-e310-d18776274fbe" testName="ManagedCode.MimeTypes.Tests.MimeCategoryTests.BasicMimeCategories_ShouldMatch(mime: &quot;audio/mpeg&quot;, expectedCategory: Audio)" computerName="runnervmwhb2z" duration="00:00:00.0000064" startTime="2025-10-12T08:25:49.6890839+00:00" endTime="2025-10-12T08:25:49.6892147+00:00" testType="13cdc9d9-ddb5-4fa4-a97d-d965ccfc6d4b" outcome="Passed" testListId="8c84fa94-04c1-424b-9868-57a2d4851a1d" relativeResultsDirectory="7b0c06d8-4ca5-446b-bc38-e39b7bf4a1b5" />
    <UnitTestResult executionId="25d8502b-79aa-4e80-886e-255c89632955" testId="9869f44f-6f49-0619-8c7f-f6c8977ce5bb" testName="ManagedCode.MimeTypes.Tests.MimeCategoryTests.EmptyMimeTypes_ShouldBeUnknown(mime: &quot;   &quot;)" computerName="runnervmwhb2z" duration="00:00:00.0001765" startTime="2025-10-12T08:25:49.6933511+00:00" endTime="2025-10-12T08:25:49.6934442+00:00" testType="13cdc9d9-ddb5-4fa4-a97d-d965ccfc6d4b" outcome="Passed" testListId="8c84fa94-04c1-424b-9868-57a2d4851a1d" relativeResultsDirectory="25d8502b-79aa-4e80-886e-255c89632955" />
    <UnitTestResult executionId="cc787d48-f3b2-4873-8194-042b76a7bbd0" testId="92f5925d-add0-0dea-d866-1446b229400d" testName="ManagedCode.MimeTypes.Tests.MimeCategoryTests.BasicMimeCategories_ShouldMatch(mime: &quot;application/pdf&quot;, expectedCategory: Pdf)" computerName="runnervmwhb2z" duration="00:00:00.0000190" startTime="2025-10-12T08:25:49.6911337+00:00" endTime="2025-10-12T08:25:49.6912639+00:00" testType="13cdc9d9-ddb5-4fa4-a97d-d965ccfc6d4b" outcome="Passed" testListId="8c84fa94-04c1-424b-9868-57a2d4851a1d" relativeResultsDirectory="cc787d48-f3b2-4873-8194-042b76a7bbd0" />
    <UnitTestResult executionId="b4546ad9-f051-4dd2-a1be-ad8d2ee5771e" testId="1b83a9ea-bcf1-ac66-d295-d84730ec2ebe" testName="ManagedCode.MimeTypes.Tests.MimeCategoryTests.BasicMimeCategories_ShouldMatch(mime: &quot;video/x-msvideo&quot;, expectedCategory: Video)" computerName="runnervmwhb2z" duration="00:00:00.0000129" startTime="2025-10-12T08:25:49.6881252+00:00" endTime="2025-10-12T08:25:49.6883695+00:00" testType="13cdc9d9-ddb5-4fa4-a97d-d965ccfc6d4b" outcome="Passed" testListId="8c84fa94-04c1-424b-9868-57a2d4851a1d" relativeResultsDirectory="b4546ad9-f051-4dd2-a1be-ad8d2ee5771e" />
    <UnitTestResult executionId="f0ad5d01-ab74-44f1-b3c2-6552eb392b59" testId="b4d07a7e-a7b9-b2cc-4ee8-dcdf53bff049" testName="ManagedCode.MimeTypes.Tests.MimeCategoryTests.JsonMimeTypes_ShouldBeJson(mime: &quot;application/ld+json&quot;)" computerName="runnervmwhb2z" duration="00:00:00.0000109" startTime="2025-10-12T08:25:49.6926925+00:00" endTime="2025-10-12T08:25:49.6927901+00:00" testType="13cdc9d9-ddb5-4fa4-a97d-d965ccfc6d4b" outcome="Passed" testListId="8c84fa94-04c1-424b-9868-57a2d4851a1d" relativeResultsDirectory="f0ad5d01-ab74-44f1-b3c2-6552eb392b59" />
  </Results>
  <TestDefinitions>
    <UnitTest name="ManagedCode.MimeTypes.Tests.MimeCategoryTests.ScriptMimeTypes_ShouldBeScript(mime: &quot;application/javascript&quot;)" storage="/home/runner/work/mimetypes/mimetypes/managedcode.mimetypes.tests/bin/debug/net9.0/managedcode.mimetypes.tests.dll" id="4751d891-71d6-fe93-59c1-8206af82a43a">
      <Execution id="7e1c9218-16cc-4b03-a441-943e5eb94df5" />
      <TestMethod codeBase="/home/runner/work/MimeTypes/MimeTypes/ManagedCode.MimeTypes.Tests/bin/Debug/net9.0/ManagedCode.MimeTypes.Tests.dll" adapterTypeName="executor://xunit/VsTestRunner3/netcore/" className="ManagedCode.MimeTypes.Tests.MimeCategoryTests" name="ScriptMimeTypes_ShouldBeScript" />
    </UnitTest>
    <UnitTest name="ManagedCode.MimeTypes.Tests.MimeCategoryTests.SpreadsheetMimeTypes_ShouldBeSpreadsheet(mime: &quot;application/vnd.ms-excel&quot;)" storage="/home/runner/work/mimetypes/mimetypes/managedcode.mimetypes.tests/bin/debug/net9.0/managedcode.mimetypes.tests.dll" id="7e98a493-b792-98a0-032d-51170cf4e822">
      <Execution id="8a742f4d-a890-4354-bb71-274ed3825a6f" />
      <TestMethod codeBase="/home/runner/work/MimeTypes/MimeTypes/ManagedCode.MimeTypes.Tests/bin/Debug/net9.0/ManagedCode.MimeTypes.Tests.dll" adapterTypeName="executor://xunit/VsTestRunner3/netcore/" className="ManagedCode.MimeTypes.Tests.MimeCategoryTests" name="SpreadsheetMimeTypes_ShouldBeSpreadsheet" />
    </UnitTest>
    <UnitTest name="ManagedCode.MimeTypes.Tests.GeneratorTests.RuntimeRegistrationShouldUpdateLookups" storage="/home/runner/work/mimetypes/mimetypes/managedcode.mimetypes.tests/bin/debug/net9.0/managedcode.mimetypes.tests.dll" id="adda527c-ebe8-097f-3da1-691706519a50">
      <Execution id="1a6b26db-c097-49ed-9a7d-d509b5c51607" />
      <TestMethod codeBase="/home/runner/work/MimeTypes/MimeTypes/ManagedCode.MimeTypes.Tests/bin/Debug/net9.0/ManagedCode.MimeTypes.Tests.dll" adapterTypeName="executor://xunit/VsTestRunner3/netcore/" className="ManagedCode.MimeTypes.Tests.GeneratorTests" name="RuntimeRegistrationShouldUpdateLookups" />
    </UnitTest>
    <UnitTest name="ManagedCode.MimeTypes.Tests.GeneratorTests.EmptyExtensionsTest" storage="/home/runner/work/mimetypes/mimetypes/managedcode.mimetypes.tests/bin/debug/net9.0/managedcode.mimetypes.tests.dll" id="d45882a1-43b0-856d-c94d-3fc3430c78d5">
      <Execution id="abb19c05-e2d2-4368-9224-8412269d754c" />
      <TestMethod codeBase="/home/runner/work/MimeTypes/MimeTypes/ManagedCode.MimeTypes.Tests/bin/Debug/net9.0/ManagedCode.MimeTypes.Tests.dll" adapterTypeName="executor://xunit/VsTestRunner3/netcore/" className="ManagedCode.MimeTypes.Tests.GeneratorTests" name="EmptyExtensionsTest" />
    </UnitTest>
    <UnitTest name="ManagedCode.MimeTypes.Tests.ContentDetectionTests.DocxHeader_ShouldBeDetected" storage="/home/runner/work/mimetypes/mimetypes/managedcode.mimetypes.tests/bin/debug/net9.0/managedcode.mimetypes.tests.dll" id="8b37ee92-2a45-1f53-2e00-8dd37ae33597">
      <Execution id="75b43e0f-2920-44c6-ad8b-c358b6db8b79" />
      <TestMethod codeBase="/home/runner/work/MimeTypes/MimeTypes/ManagedCode.MimeTypes.Tests/bin/Debug/net9.0/ManagedCode.MimeTypes.Tests.dll" adapterTypeName="executor://xunit/VsTestRunner3/netcore/" className="ManagedCode.MimeTypes.Tests.ContentDetectionTests" name="DocxHeader_ShouldBeDetected" />
    </UnitTest>
    <UnitTest name="ManagedCode.MimeTypes.Tests.MimeCategoryTests.JsonMimeTypes_ShouldBeJson(mime: &quot;application/ld+json&quot;)" storage="/home/runner/work/mimetypes/mimetypes/managedcode.mimetypes.tests/bin/debug/net9.0/managedcode.mimetypes.tests.dll" id="b4d07a7e-a7b9-b2cc-4ee8-dcdf53bff049">
      <Execution id="f0ad5d01-ab74-44f1-b3c2-6552eb392b59" />
      <TestMethod codeBase="/home/runner/work/MimeTypes/MimeTypes/ManagedCode.MimeTypes.Tests/bin/Debug/net9.0/ManagedCode.MimeTypes.Tests.dll" adapterTypeName="executor://xunit/VsTestRunner3/netcore/" className="ManagedCode.MimeTypes.Tests.MimeCategoryTests" name="JsonMimeTypes_ShouldBeJson" />
    </UnitTest>
    <UnitTest name="ManagedCode.MimeTypes.Tests.MimeCategoryTests.MessageMimeTypes_ShouldBeMessage(mime: &quot;message/rfc822&quot;)" storage="/home/runner/work/mimetypes/mimetypes/managedcode.mimetypes.tests/bin/debug/net9.0/managedcode.mimetypes.tests.dll" id="cca6d3ba-8f8d-fd3b-dbd1-1a25d953fbf3">
      <Execution id="96020bf9-db33-4619-9c17-c5ddb0d880fa" />
      <TestMethod codeBase="/home/runner/work/MimeTypes/MimeTypes/ManagedCode.MimeTypes.Tests/bin/Debug/net9.0/ManagedCode.MimeTypes.Tests.dll" adapterTypeName="executor://xunit/VsTestRunner3/netcore/" className="ManagedCode.MimeTypes.Tests.MimeCategoryTests" name="MessageMimeTypes_ShouldBeMessage" />
    </UnitTest>
    <UnitTest name="ManagedCode.MimeTypes.Tests.MimeCategoryTests.WordDocumentMimeTypes_ShouldBeDocument(mime: &quot;application/vnd.oasis.opendocument.text&quot;)" storage="/home/runner/work/mimetypes/mimetypes/managedcode.mimetypes.tests/bin/debug/net9.0/managedcode.mimetypes.tests.dll" id="ad210acf-f1e4-4b3f-e2d6-c4288371e4b6">
      <Execution id="bce9a732-1d85-4616-b247-d474604a81c4" />
      <TestMethod codeBase="/home/runner/work/MimeTypes/MimeTypes/ManagedCode.MimeTypes.Tests/bin/Debug/net9.0/ManagedCode.MimeTypes.Tests.dll" adapterTypeName="executor://xunit/VsTestRunner3/netcore/" className="ManagedCode.MimeTypes.Tests.MimeCategoryTests" name="WordDocumentMimeTypes_ShouldBeDocument" />
    </UnitTest>
    <UnitTest name="ManagedCode.MimeTypes.Tests.MimeCategoryTests.BasicMimeCategories_ShouldMatch(mime: &quot;image/png&quot;, expectedCategory: Image)" storage="/home/runner/work/mimetypes/mimetypes/managedcode.mimetypes.tests/bin/debug/net9.0/managedcode.mimetypes.tests.dll" id="f0a75824-9def-8c88-af1f-0c7f2266e9dd">
      <Execution id="56ffbda4-2155-416f-88cb-aab0e7cd196b" />
      <TestMethod codeBase="/home/runner/work/MimeTypes/MimeTypes/ManagedCode.MimeTypes.Tests/bin/Debug/net9.0/ManagedCode.MimeTypes.Tests.dll" adapterTypeName="executor://xunit/VsTestRunner3/netcore/" className="ManagedCode.MimeTypes.Tests.MimeCategoryTests" name="BasicMimeCategories_ShouldMatch" />
    </UnitTest>
    <UnitTest name="ManagedCode.MimeTypes.Tests.MimeCategoryTests.CertificateMimeTypes_ShouldBeCertificate(mime: &quot;application/x-pkcs12&quot;)" storage="/home/runner/work/mimetypes/mimetypes/managedcode.mimetypes.tests/bin/debug/net9.0/managedcode.mimetypes.tests.dll" id="15717058-346f-921e-5ac6-daefc29ede2f">
      <Execution id="776d8287-c0a8-4b08-bdd1-557f944615a5" />
      <TestMethod codeBase="/home/runner/work/MimeTypes/MimeTypes/ManagedCode.MimeTypes.Tests/bin/Debug/net9.0/ManagedCode.MimeTypes.Tests.dll" adapterTypeName="executor://xunit/VsTestRunner3/netcore/" className="ManagedCode.MimeTypes.Tests.MimeCategoryTests" name="CertificateMimeTypes_ShouldBeCertificate" />
    </UnitTest>
    <UnitTest name="ManagedCode.MimeTypes.Tests.ContentDetectionTests.PngHeader_ShouldBeDetected" storage="/home/runner/work/mimetypes/mimetypes/managedcode.mimetypes.tests/bin/debug/net9.0/managedcode.mimetypes.tests.dll" id="4ebefa14-b9a7-f1c3-ed04-5ff6ed0eab08">
      <Execution id="67947a0d-8699-450b-8c4d-73a7567ce511" />
      <TestMethod codeBase="/home/runner/work/MimeTypes/MimeTypes/ManagedCode.MimeTypes.Tests/bin/Debug/net9.0/ManagedCode.MimeTypes.Tests.dll" adapterTypeName="executor://xunit/VsTestRunner3/netcore/" className="ManagedCode.MimeTypes.Tests.ContentDetectionTests" name="PngHeader_ShouldBeDetected" />
    </UnitTest>
    <UnitTest name="ManagedCode.MimeTypes.Tests.ContentDetectionTests.ShortStream_ShouldReturnDefault" storage="/home/runner/work/mimetypes/mimetypes/managedcode.mimetypes.tests/bin/debug/net9.0/managedcode.mimetypes.tests.dll" id="b4f042c7-ca79-c2c5-1a19-019877f61d79">
      <Execution id="95b27853-b125-4def-b95d-14eb1e87399d" />
      <TestMethod codeBase="/home/runner/work/MimeTypes/MimeTypes/ManagedCode.MimeTypes.Tests/bin/Debug/net9.0/ManagedCode.MimeTypes.Tests.dll" adapterTypeName="executor://xunit/VsTestRunner3/netcore/" className="ManagedCode.MimeTypes.Tests.ContentDetectionTests" name="ShortStream_ShouldReturnDefault" />
    </UnitTest>
    <UnitTest name="ManagedCode.MimeTypes.Tests.MimeCategoryTests.BinaryMimeTypes_ShouldBeBinary(mime: &quot;application/octet-stream&quot;)" storage="/home/runner/work/mimetypes/mimetypes/managedcode.mimetypes.tests/bin/debug/net9.0/managedcode.mimetypes.tests.dll" id="5f299049-2758-c4d1-3c06-07f364f32f3b">
      <Execution id="bb95584d-243e-42ba-917f-d5bf8a7f975d" />
      <TestMethod codeBase="/home/runner/work/MimeTypes/MimeTypes/ManagedCode.MimeTypes.Tests/bin/Debug/net9.0/ManagedCode.MimeTypes.Tests.dll" adapterTypeName="executor://xunit/VsTestRunner3/netcore/" className="ManagedCode.MimeTypes.Tests.MimeCategoryTests" name="BinaryMimeTypes_ShouldBeBinary" />
    </UnitTest>
    <UnitTest name="ManagedCode.MimeTypes.Tests.GeneratorTests.ExtensionsTest" storage="/home/runner/work/mimetypes/mimetypes/managedcode.mimetypes.tests/bin/debug/net9.0/managedcode.mimetypes.tests.dll" id="dd0d701a-013f-fd1d-596a-ea6736052d9e">
      <Execution id="46957679-952b-4588-bc99-a497e24367f7" />
      <TestMethod codeBase="/home/runner/work/MimeTypes/MimeTypes/ManagedCode.MimeTypes.Tests/bin/Debug/net9.0/ManagedCode.MimeTypes.Tests.dll" adapterTypeName="executor://xunit/VsTestRunner3/netcore/" className="ManagedCode.MimeTypes.Tests.GeneratorTests" name="ExtensionsTest" />
    </UnitTest>
    <UnitTest name="ManagedCode.MimeTypes.Tests.MimeCategoryTests.MultipartMimeTypes_ShouldBeMultipart(mime: &quot;multipart/form-data&quot;)" storage="/home/runner/work/mimetypes/mimetypes/managedcode.mimetypes.tests/bin/debug/net9.0/managedcode.mimetypes.tests.dll" id="5753eb7c-1759-8608-f4be-0e1cf38a4878">
      <Execution id="483a2f64-9eda-494f-a4e8-a94a424c1bb8" />
      <TestMethod codeBase="/home/runner/work/MimeTypes/MimeTypes/ManagedCode.MimeTypes.Tests/bin/Debug/net9.0/ManagedCode.MimeTypes.Tests.dll" adapterTypeName="executor://xunit/VsTestRunner3/netcore/" className="ManagedCode.MimeTypes.Tests.MimeCategoryTests" name="MultipartMimeTypes_ShouldBeMultipart" />
    </UnitTest>
    <UnitTest name="ManagedCode.MimeTypes.Tests.MimeCategoryTests.ScriptMimeTypes_ShouldBeScript(mime: &quot;text/x-php&quot;)" storage="/home/runner/work/mimetypes/mimetypes/managedcode.mimetypes.tests/bin/debug/net9.0/managedcode.mimetypes.tests.dll" id="5e2757ce-06b4-8538-6a00-cd60084cff35">
      <Execution id="99cae6f9-e33a-4328-8056-56abea451110" />
      <TestMethod codeBase="/home/runner/work/MimeTypes/MimeTypes/ManagedCode.MimeTypes.Tests/bin/Debug/net9.0/ManagedCode.MimeTypes.Tests.dll" adapterTypeName="executor://xunit/VsTestRunner3/netcore/" className="ManagedCode.MimeTypes.Tests.MimeCategoryTests" name="ScriptMimeTypes_ShouldBeScript" />
    </UnitTest>
    <UnitTest name="ManagedCode.MimeTypes.Tests.MimeCategoryTests.EmptyMimeTypes_ShouldBeUnknown(mime: null)" storage="/home/runner/work/mimetypes/mimetypes/managedcode.mimetypes.tests/bin/debug/net9.0/managedcode.mimetypes.tests.dll" id="3372bcd7-7c6c-1c64-df67-89b38998d427">
      <Execution id="e39f942e-1bd5-45de-8408-91ff28a0cacd" />
      <TestMethod codeBase="/home/runner/work/MimeTypes/MimeTypes/ManagedCode.MimeTypes.Tests/bin/Debug/net9.0/ManagedCode.MimeTypes.Tests.dll" adapterTypeName="executor://xunit/VsTestRunner3/netcore/" className="ManagedCode.MimeTypes.Tests.MimeCategoryTests" name="EmptyMimeTypes_ShouldBeUnknown" />
    </UnitTest>
    <UnitTest name="ManagedCode.MimeTypes.Tests.MimeCategoryTests.BasicMimeCategories_ShouldMatch(mime: &quot;application/pdf&quot;, expectedCategory: Pdf)" storage="/home/runner/work/mimetypes/mimetypes/managedcode.mimetypes.tests/bin/debug/net9.0/managedcode.mimetypes.tests.dll" id="92f5925d-add0-0dea-d866-1446b229400d">
      <Execution id="cc787d48-f3b2-4873-8194-042b76a7bbd0" />
      <TestMethod codeBase="/home/runner/work/MimeTypes/MimeTypes/ManagedCode.MimeTypes.Tests/bin/Debug/net9.0/ManagedCode.MimeTypes.Tests.dll" adapterTypeName="executor://xunit/VsTestRunner3/netcore/" className="ManagedCode.MimeTypes.Tests.MimeCategoryTests" name="BasicMimeCategories_ShouldMatch" />
    </UnitTest>
    <UnitTest name="ManagedCode.MimeTypes.Tests.GeneratorTests.GeneratedPropertiesTest" storage="/home/runner/work/mimetypes/mimetypes/managedcode.mimetypes.tests/bin/debug/net9.0/managedcode.mimetypes.tests.dll" id="f1af7270-00a4-945d-d086-fe5b44b5bcb2">
      <Execution id="09db7162-bfb7-43d3-82ea-83af0aa06f84" />
      <TestMethod codeBase="/home/runner/work/MimeTypes/MimeTypes/ManagedCode.MimeTypes.Tests/bin/Debug/net9.0/ManagedCode.MimeTypes.Tests.dll" adapterTypeName="executor://xunit/VsTestRunner3/netcore/" className="ManagedCode.MimeTypes.Tests.GeneratorTests" name="GeneratedPropertiesTest" />
    </UnitTest>
    <UnitTest name="ManagedCode.MimeTypes.Tests.MimeCategoryTests.ScriptMimeTypes_ShouldBeScript(mime: &quot;application/x-sh&quot;)" storage="/home/runner/work/mimetypes/mimetypes/managedcode.mimetypes.tests/bin/debug/net9.0/managedcode.mimetypes.tests.dll" id="0eefffea-8275-e396-ada3-59fcce75a43e">
      <Execution id="9a2e3ed9-caa6-4519-9b5a-522260f538cd" />
      <TestMethod codeBase="/home/runner/work/MimeTypes/MimeTypes/ManagedCode.MimeTypes.Tests/bin/Debug/net9.0/ManagedCode.MimeTypes.Tests.dll" adapterTypeName="executor://xunit/VsTestRunner3/netcore/" className="ManagedCode.MimeTypes.Tests.MimeCategoryTests" name="ScriptMimeTypes_ShouldBeScript" />
    </UnitTest>
    <UnitTest name="ManagedCode.MimeTypes.Tests.MimeCategoryTests.SpreadsheetMimeTypes_ShouldBeSpreadsheet(mime: &quot;application/vnd.openxmlformats-officedocument.spre&quot;···)" storage="/home/runner/work/mimetypes/mimetypes/managedcode.mimetypes.tests/bin/debug/net9.0/managedcode.mimetypes.tests.dll" id="5e623721-2d8a-5451-c7f7-ce3905d82b60">
      <Execution id="9d1c686a-a017-4788-8c0f-5057aca3e1bf" />
      <TestMethod codeBase="/home/runner/work/MimeTypes/MimeTypes/ManagedCode.MimeTypes.Tests/bin/Debug/net9.0/ManagedCode.MimeTypes.Tests.dll" adapterTypeName="executor://xunit/VsTestRunner3/netcore/" className="ManagedCode.MimeTypes.Tests.MimeCategoryTests" name="SpreadsheetMimeTypes_ShouldBeSpreadsheet" />
    </UnitTest>
    <UnitTest name="ManagedCode.MimeTypes.Tests.MimeCategoryTests.ArchiveMimeTypes_ShouldBeArchive(mime: &quot;application/x-rar-compressed&quot;)" storage="/home/runner/work/mimetypes/mimetypes/managedcode.mimetypes.tests/bin/debug/net9.0/managedcode.mimetypes.tests.dll" id="e14c07f0-2fd7-eaec-bffb-067642752ff5">
      <Execution id="5cb065db-ca31-45bb-adc8-120ea2e24233" />
      <TestMethod codeBase="/home/runner/work/MimeTypes/MimeTypes/ManagedCode.MimeTypes.Tests/bin/Debug/net9.0/ManagedCode.MimeTypes.Tests.dll" adapterTypeName="executor://xunit/VsTestRunner3/netcore/" className="ManagedCode.MimeTypes.Tests.MimeCategoryTests" name="ArchiveMimeTypes_ShouldBeArchive" />
    </UnitTest>
    <UnitTest name="ManagedCode.MimeTypes.Tests.MimeCategoryTests.SpreadsheetMimeTypes_ShouldBeSpreadsheet(mime: &quot;application/vnd.oasis.opendocument.spreadsheet&quot;)" storage="/home/runner/work/mimetypes/mimetypes/managedcode.mimetypes.tests/bin/debug/net9.0/managedcode.mimetypes.tests.dll" id="63d70ae8-13b3-3451-4814-fa962ba764ef">
      <Execution id="ebe06b1d-84cc-45e4-9c61-34c6d65c11c9" />
      <TestMethod codeBase="/home/runner/work/MimeTypes/MimeTypes/ManagedCode.MimeTypes.Tests/bin/Debug/net9.0/ManagedCode.MimeTypes.Tests.dll" adapterTypeName="executor://xunit/VsTestRunner3/netcore/" className="ManagedCode.MimeTypes.Tests.MimeCategoryTests" name="SpreadsheetMimeTypes_ShouldBeSpreadsheet" />
    </UnitTest>
    <UnitTest name="ManagedCode.MimeTypes.Tests.MimeCategoryTests.WordDocumentMimeTypes_ShouldBeDocument(mime: &quot;application/msword&quot;)" storage="/home/runner/work/mimetypes/mimetypes/managedcode.mimetypes.tests/bin/debug/net9.0/managedcode.mimetypes.tests.dll" id="1dbcb2fd-eedf-7852-25cd-33d3f9c57612">
      <Execution id="36f1eef7-f8d0-4324-b1e8-8c9993d9d200" />
      <TestMethod codeBase="/home/runner/work/MimeTypes/MimeTypes/ManagedCode.MimeTypes.Tests/bin/Debug/net9.0/ManagedCode.MimeTypes.Tests.dll" adapterTypeName="executor://xunit/VsTestRunner3/netcore/" className="ManagedCode.MimeTypes.Tests.MimeCategoryTests" name="WordDocumentMimeTypes_ShouldBeDocument" />
    </UnitTest>
    <UnitTest name="ManagedCode.MimeTypes.Tests.MimeCategoryTests.PresentationMimeTypes_ShouldBePresentation(mime: &quot;application/vnd.oasis.opendocument.presentation&quot;)" storage="/home/runner/work/mimetypes/mimetypes/managedcode.mimetypes.tests/bin/debug/net9.0/managedcode.mimetypes.tests.dll" id="4f19f0cf-dddb-4684-3e90-a74f31379c59">
      <Execution id="508fb9c8-d02b-4555-b2e2-99d59e008cb8" />
      <TestMethod codeBase="/home/runner/work/MimeTypes/MimeTypes/ManagedCode.MimeTypes.Tests/bin/Debug/net9.0/ManagedCode.MimeTypes.Tests.dll" adapterTypeName="executor://xunit/VsTestRunner3/netcore/" className="ManagedCode.MimeTypes.Tests.MimeCategoryTests" name="PresentationMimeTypes_ShouldBePresentation" />
    </UnitTest>
    <UnitTest name="ManagedCode.MimeTypes.Tests.MimeCategoryTests.JsonMimeTypes_ShouldBeJson(mime: &quot;application/json&quot;)" storage="/home/runner/work/mimetypes/mimetypes/managedcode.mimetypes.tests/bin/debug/net9.0/managedcode.mimetypes.tests.dll" id="835420e7-8dcd-75f0-8c2d-7af9d3554a49">
      <Execution id="3bedd156-c9a2-4b4c-8a0e-7419c9fe3071" />
      <TestMethod codeBase="/home/runner/work/MimeTypes/MimeTypes/ManagedCode.MimeTypes.Tests/bin/Debug/net9.0/ManagedCode.MimeTypes.Tests.dll" adapterTypeName="executor://xunit/VsTestRunner3/netcore/" className="ManagedCode.MimeTypes.Tests.MimeCategoryTests" name="JsonMimeTypes_ShouldBeJson" />
    </UnitTest>
    <UnitTest name="ManagedCode.MimeTypes.Tests.GeneratorTests.GeneratedDictionaryTest" storage="/home/runner/work/mimetypes/mimetypes/managedcode.mimetypes.tests/bin/debug/net9.0/managedcode.mimetypes.tests.dll" id="066c9b77-bbd5-ac46-b7bf-6664ddeda961">
      <Execution id="7082d742-8659-422c-9477-aca360c5b74d" />
      <TestMethod codeBase="/home/runner/work/MimeTypes/MimeTypes/ManagedCode.MimeTypes.Tests/bin/Debug/net9.0/ManagedCode.MimeTypes.Tests.dll" adapterTypeName="executor://xunit/VsTestRunner3/netcore/" className="ManagedCode.MimeTypes.Tests.GeneratorTests" name="GeneratedDictionaryTest" />
    </UnitTest>
    <UnitTest name="ManagedCode.MimeTypes.Tests.MimeCategoryTests.PresentationMimeTypes_ShouldBePresentation(mime: &quot;application/vnd.ms-powerpoint&quot;)" storage="/home/runner/work/mimetypes/mimetypes/managedcode.mimetypes.tests/bin/debug/net9.0/managedcode.mimetypes.tests.dll" id="c6dc8e05-deb4-aba1-c015-e40f44ce0bc4">
      <Execution id="7be952e9-4ed0-4b2d-bc28-7766b78a5674" />
      <TestMethod codeBase="/home/runner/work/MimeTypes/MimeTypes/ManagedCode.MimeTypes.Tests/bin/Debug/net9.0/ManagedCode.MimeTypes.Tests.dll" adapterTypeName="executor://xunit/VsTestRunner3/netcore/" className="ManagedCode.MimeTypes.Tests.MimeCategoryTests" name="PresentationMimeTypes_ShouldBePresentation" />
    </UnitTest>
    <UnitTest name="ManagedCode.MimeTypes.Tests.MimeCategoryTests.InvalidMimeType_ShouldBeUnknown" storage="/home/runner/work/mimetypes/mimetypes/managedcode.mimetypes.tests/bin/debug/net9.0/managedcode.mimetypes.tests.dll" id="bd7a691a-d432-c4f9-2db1-1e865e9d4f52">
      <Execution id="61a4f8f8-562f-470c-9aef-545bcb304e4f" />
      <TestMethod codeBase="/home/runner/work/MimeTypes/MimeTypes/ManagedCode.MimeTypes.Tests/bin/Debug/net9.0/ManagedCode.MimeTypes.Tests.dll" adapterTypeName="executor://xunit/VsTestRunner3/netcore/" className="ManagedCode.MimeTypes.Tests.MimeCategoryTests" name="InvalidMimeType_ShouldBeUnknown" />
    </UnitTest>
    <UnitTest name="ManagedCode.MimeTypes.Tests.MimeCategoryTests.MessageMimeTypes_ShouldBeMessage(mime: &quot;message/global&quot;)" storage="/home/runner/work/mimetypes/mimetypes/managedcode.mimetypes.tests/bin/debug/net9.0/managedcode.mimetypes.tests.dll" id="cb59e0b9-c62d-92b2-6e3f-f101813dfe53">
      <Execution id="09643097-a035-4255-927e-378614ea27a6" />
      <TestMethod codeBase="/home/runner/work/MimeTypes/MimeTypes/ManagedCode.MimeTypes.Tests/bin/Debug/net9.0/ManagedCode.MimeTypes.Tests.dll" adapterTypeName="executor://xunit/VsTestRunner3/netcore/" className="ManagedCode.MimeTypes.Tests.MimeCategoryTests" name="MessageMimeTypes_ShouldBeMessage" />
    </UnitTest>
    <UnitTest name="ManagedCode.MimeTypes.Tests.MimeCategoryTests.MultipartMimeTypes_ShouldBeMultipart(mime: &quot;multipart/related&quot;)" storage="/home/runner/work/mimetypes/mimetypes/managedcode.mimetypes.tests/bin/debug/net9.0/managedcode.mimetypes.tests.dll" id="4aca8d5a-5831-a934-edae-7bb35b401bf5">
      <Execution id="6f4ca45f-bdfa-4ae8-910c-dce11ac63716" />
      <TestMethod codeBase="/home/runner/work/MimeTypes/MimeTypes/ManagedCode.MimeTypes.Tests/bin/Debug/net9.0/ManagedCode.MimeTypes.Tests.dll" adapterTypeName="executor://xunit/VsTestRunner3/netcore/" className="ManagedCode.MimeTypes.Tests.MimeCategoryTests" name="MultipartMimeTypes_ShouldBeMultipart" />
    </UnitTest>
    <UnitTest name="ManagedCode.MimeTypes.Tests.ContentDetectionTests.PdfHeader_ShouldBeDetected" storage="/home/runner/work/mimetypes/mimetypes/managedcode.mimetypes.tests/bin/debug/net9.0/managedcode.mimetypes.tests.dll" id="3c017b5e-3121-3760-4852-df60d2135419">
      <Execution id="b483ad80-1229-4edf-bf34-1926d3bc73d2" />
      <TestMethod codeBase="/home/runner/work/MimeTypes/MimeTypes/ManagedCode.MimeTypes.Tests/bin/Debug/net9.0/ManagedCode.MimeTypes.Tests.dll" adapterTypeName="executor://xunit/VsTestRunner3/netcore/" className="ManagedCode.MimeTypes.Tests.ContentDetectionTests" name="PdfHeader_ShouldBeDetected" />
    </UnitTest>
    <UnitTest name="ManagedCode.MimeTypes.Tests.MimeCategoryTests.BasicMimeCategories_ShouldMatch(mime: &quot;image/jpeg&quot;, expectedCategory: Image)" storage="/home/runner/work/mimetypes/mimetypes/managedcode.mimetypes.tests/bin/debug/net9.0/managedcode.mimetypes.tests.dll" id="9a89f9bd-5adc-96d7-089d-4256b370313e">
      <Execution id="1f0b5b61-6f83-4ecc-af48-a697d3583bdf" />
      <TestMethod codeBase="/home/runner/work/MimeTypes/MimeTypes/ManagedCode.MimeTypes.Tests/bin/Debug/net9.0/ManagedCode.MimeTypes.Tests.dll" adapterTypeName="executor://xunit/VsTestRunner3/netcore/" className="ManagedCode.MimeTypes.Tests.MimeCategoryTests" name="BasicMimeCategories_ShouldMatch" />
    </UnitTest>
    <UnitTest name="ManagedCode.MimeTypes.Tests.MimeCategoryTests.BasicMimeCategories_ShouldMatch(mime: &quot;video/mp4&quot;, expectedCategory: Video)" storage="/home/runner/work/mimetypes/mimetypes/managedcode.mimetypes.tests/bin/debug/net9.0/managedcode.mimetypes.tests.dll" id="72b96d65-2fc0-dcd2-c59d-6b38e60a5f09">
      <Execution id="2b703aea-0d65-4ee5-acfd-878a8a410504" />
      <TestMethod codeBase="/home/runner/work/MimeTypes/MimeTypes/ManagedCode.MimeTypes.Tests/bin/Debug/net9.0/ManagedCode.MimeTypes.Tests.dll" adapterTypeName="executor://xunit/VsTestRunner3/netcore/" className="ManagedCode.MimeTypes.Tests.MimeCategoryTests" name="BasicMimeCategories_ShouldMatch" />
    </UnitTest>
    <UnitTest name="ManagedCode.MimeTypes.Tests.MimeCategoryTests.BasicMimeCategories_ShouldMatch(mime: &quot;model/gltf-binary&quot;, expectedCategory: Model)" storage="/home/runner/work/mimetypes/mimetypes/managedcode.mimetypes.tests/bin/debug/net9.0/managedcode.mimetypes.tests.dll" id="eea9e8e8-e74a-8c57-c251-fd3c867bddb3">
      <Execution id="45cfe482-6048-4d23-85de-9d0f55de5af9" />
      <TestMethod codeBase="/home/runner/work/MimeTypes/MimeTypes/ManagedCode.MimeTypes.Tests/bin/Debug/net9.0/ManagedCode.MimeTypes.Tests.dll" adapterTypeName="executor://xunit/VsTestRunner3/netcore/" className="ManagedCode.MimeTypes.Tests.MimeCategoryTests" name="BasicMimeCategories_ShouldMatch" />
    </UnitTest>
    <UnitTest name="ManagedCode.MimeTypes.Tests.MimeCategoryTests.JsonMimeTypes_ShouldBeJson(mime: &quot;application/json5&quot;)" storage="/home/runner/work/mimetypes/mimetypes/managedcode.mimetypes.tests/bin/debug/net9.0/managedcode.mimetypes.tests.dll" id="4a16a0da-e5d4-c8ce-32fb-8f10c4e72008">
      <Execution id="a0eaa7b7-c3a2-4d63-af85-4c58aea60a0a" />
      <TestMethod codeBase="/home/runner/work/MimeTypes/MimeTypes/ManagedCode.MimeTypes.Tests/bin/Debug/net9.0/ManagedCode.MimeTypes.Tests.dll" adapterTypeName="executor://xunit/VsTestRunner3/netcore/" className="ManagedCode.MimeTypes.Tests.MimeCategoryTests" name="JsonMimeTypes_ShouldBeJson" />
    </UnitTest>
    <UnitTest name="ManagedCode.MimeTypes.Tests.MimeCategoryTests.CertificateMimeTypes_ShouldBeCertificate(mime: &quot;application/pkix-cert&quot;)" storage="/home/runner/work/mimetypes/mimetypes/managedcode.mimetypes.tests/bin/debug/net9.0/managedcode.mimetypes.tests.dll" id="ebfc1c88-7737-b36f-5cee-da985c98e36e">
      <Execution id="0a584d28-5e93-4a0e-bccb-ce30334a41e3" />
      <TestMethod codeBase="/home/runner/work/MimeTypes/MimeTypes/ManagedCode.MimeTypes.Tests/bin/Debug/net9.0/ManagedCode.MimeTypes.Tests.dll" adapterTypeName="executor://xunit/VsTestRunner3/netcore/" className="ManagedCode.MimeTypes.Tests.MimeCategoryTests" name="CertificateMimeTypes_ShouldBeCertificate" />
    </UnitTest>
    <UnitTest name="ManagedCode.MimeTypes.Tests.MimeCategoryTests.PresentationMimeTypes_ShouldBePresentation(mime: &quot;application/vnd.openxmlformats-officedocument.pres&quot;···)" storage="/home/runner/work/mimetypes/mimetypes/managedcode.mimetypes.tests/bin/debug/net9.0/managedcode.mimetypes.tests.dll" id="32ae5471-eab8-b4d7-9c01-74e788dd6d8f">
      <Execution id="52db76ac-f5df-4263-9c64-5b1b5de7b112" />
      <TestMethod codeBase="/home/runner/work/MimeTypes/MimeTypes/ManagedCode.MimeTypes.Tests/bin/Debug/net9.0/ManagedCode.MimeTypes.Tests.dll" adapterTypeName="executor://xunit/VsTestRunner3/netcore/" className="ManagedCode.MimeTypes.Tests.MimeCategoryTests" name="PresentationMimeTypes_ShouldBePresentation" />
    </UnitTest>
    <UnitTest name="ManagedCode.MimeTypes.Tests.ContentDetectionTests.WebpHeader_ShouldBeDetected" storage="/home/runner/work/mimetypes/mimetypes/managedcode.mimetypes.tests/bin/debug/net9.0/managedcode.mimetypes.tests.dll" id="0c880a6c-9e24-7662-e230-5829abfc984c">
      <Execution id="0491add2-f0da-4310-a915-c02f02658148" />
      <TestMethod codeBase="/home/runner/work/MimeTypes/MimeTypes/ManagedCode.MimeTypes.Tests/bin/Debug/net9.0/ManagedCode.MimeTypes.Tests.dll" adapterTypeName="executor://xunit/VsTestRunner3/netcore/" className="ManagedCode.MimeTypes.Tests.ContentDetectionTests" name="WebpHeader_ShouldBeDetected" />
    </UnitTest>
    <UnitTest name="ManagedCode.MimeTypes.Tests.MimeCategoryTests.ArchiveMimeTypes_ShouldBeArchive(mime: &quot;application/x-7z-compressed&quot;)" storage="/home/runner/work/mimetypes/mimetypes/managedcode.mimetypes.tests/bin/debug/net9.0/managedcode.mimetypes.tests.dll" id="c201bc6c-dee0-3f6b-1d29-4dd317a688c4">
      <Execution id="a8445b5e-ab16-47f1-8130-23380c3445b3" />
      <TestMethod codeBase="/home/runner/work/MimeTypes/MimeTypes/ManagedCode.MimeTypes.Tests/bin/Debug/net9.0/ManagedCode.MimeTypes.Tests.dll" adapterTypeName="executor://xunit/VsTestRunner3/netcore/" className="ManagedCode.MimeTypes.Tests.MimeCategoryTests" name="ArchiveMimeTypes_ShouldBeArchive" />
    </UnitTest>
    <UnitTest name="ManagedCode.MimeTypes.Tests.ContentDetectionTests.EmptyStream_ShouldReturnDefault" storage="/home/runner/work/mimetypes/mimetypes/managedcode.mimetypes.tests/bin/debug/net9.0/managedcode.mimetypes.tests.dll" id="5c63dbcd-5047-2ba0-38c5-907b2ea0d078">
      <Execution id="44654278-d8cc-4ee3-a59d-5a9ba0929bcf" />
      <TestMethod codeBase="/home/runner/work/MimeTypes/MimeTypes/ManagedCode.MimeTypes.Tests/bin/Debug/net9.0/ManagedCode.MimeTypes.Tests.dll" adapterTypeName="executor://xunit/VsTestRunner3/netcore/" className="ManagedCode.MimeTypes.Tests.ContentDetectionTests" name="EmptyStream_ShouldReturnDefault" />
    </UnitTest>
    <UnitTest name="ManagedCode.MimeTypes.Tests.MimeCategoryTests.BinaryMimeTypes_ShouldBeBinary(mime: &quot;application/x-binary&quot;)" storage="/home/runner/work/mimetypes/mimetypes/managedcode.mimetypes.tests/bin/debug/net9.0/managedcode.mimetypes.tests.dll" id="a640372a-caf2-020d-271d-dba8a803ce92">
      <Execution id="39cf8087-6921-4ad8-a97b-503294a19b09" />
      <TestMethod codeBase="/home/runner/work/MimeTypes/MimeTypes/ManagedCode.MimeTypes.Tests/bin/Debug/net9.0/ManagedCode.MimeTypes.Tests.dll" adapterTypeName="executor://xunit/VsTestRunner3/netcore/" className="ManagedCode.MimeTypes.Tests.MimeCategoryTests" name="BinaryMimeTypes_ShouldBeBinary" />
    </UnitTest>
    <UnitTest name="ManagedCode.MimeTypes.Tests.MimeCategoryTests.XmlMimeTypes_ShouldBeXml(mime: &quot;application/atom+xml&quot;)" storage="/home/runner/work/mimetypes/mimetypes/managedcode.mimetypes.tests/bin/debug/net9.0/managedcode.mimetypes.tests.dll" id="3fc1c83f-5904-eedc-dd65-162ba3081497">
      <Execution id="53a0c1fc-9805-48af-b58b-12f783955e04" />
      <TestMethod codeBase="/home/runner/work/MimeTypes/MimeTypes/ManagedCode.MimeTypes.Tests/bin/Debug/net9.0/ManagedCode.MimeTypes.Tests.dll" adapterTypeName="executor://xunit/VsTestRunner3/netcore/" className="ManagedCode.MimeTypes.Tests.MimeCategoryTests" name="XmlMimeTypes_ShouldBeXml" />
    </UnitTest>
    <UnitTest name="ManagedCode.MimeTypes.Tests.GeneratorTests.GetExtensionsShouldReturnKnownExtensions" storage="/home/runner/work/mimetypes/mimetypes/managedcode.mimetypes.tests/bin/debug/net9.0/managedcode.mimetypes.tests.dll" id="ac71a68d-ec90-046c-3739-f580ed4552a3">
      <Execution id="6f7b7f29-6ecf-4b8d-bd06-0d6d9df3c9c7" />
      <TestMethod codeBase="/home/runner/work/MimeTypes/MimeTypes/ManagedCode.MimeTypes.Tests/bin/Debug/net9.0/ManagedCode.MimeTypes.Tests.dll" adapterTypeName="executor://xunit/VsTestRunner3/netcore/" className="ManagedCode.MimeTypes.Tests.GeneratorTests" name="GetExtensionsShouldReturnKnownExtensions" />
    </UnitTest>
    <UnitTest name="ManagedCode.MimeTypes.Tests.MimeCategoryTests.BasicMimeCategories_ShouldMatch(mime: &quot;font/ttf&quot;, expectedCategory: Font)" storage="/home/runner/work/mimetypes/mimetypes/managedcode.mimetypes.tests/bin/debug/net9.0/managedcode.mimetypes.tests.dll" id="535fb0cb-fc5b-35c2-0465-4fe18eda5fd4">
      <Execution id="1adc07f2-a87a-4908-8a6a-ed9df92149d4" />
      <TestMethod codeBase="/home/runner/work/MimeTypes/MimeTypes/ManagedCode.MimeTypes.Tests/bin/Debug/net9.0/ManagedCode.MimeTypes.Tests.dll" adapterTypeName="executor://xunit/VsTestRunner3/netcore/" className="ManagedCode.MimeTypes.Tests.MimeCategoryTests" name="BasicMimeCategories_ShouldMatch" />
    </UnitTest>
    <UnitTest name="ManagedCode.MimeTypes.Tests.MimeCategoryTests.ArchiveMimeTypes_ShouldBeArchive(mime: &quot;application/zip&quot;)" storage="/home/runner/work/mimetypes/mimetypes/managedcode.mimetypes.tests/bin/debug/net9.0/managedcode.mimetypes.tests.dll" id="339707e5-11d4-88ba-ca31-d5abbe69b589">
      <Execution id="48066f8d-f6a5-4e7a-b2eb-d2c1f1477e8b" />
      <TestMethod codeBase="/home/runner/work/MimeTypes/MimeTypes/ManagedCode.MimeTypes.Tests/bin/Debug/net9.0/ManagedCode.MimeTypes.Tests.dll" adapterTypeName="executor://xunit/VsTestRunner3/netcore/" className="ManagedCode.MimeTypes.Tests.MimeCategoryTests" name="ArchiveMimeTypes_ShouldBeArchive" />
    </UnitTest>
    <UnitTest name="ManagedCode.MimeTypes.Tests.MimeCategoryTests.EmptyMimeTypes_ShouldBeUnknown(mime: &quot;&quot;)" storage="/home/runner/work/mimetypes/mimetypes/managedcode.mimetypes.tests/bin/debug/net9.0/managedcode.mimetypes.tests.dll" id="03bef05b-6a48-573e-65c6-56423842f666">
      <Execution id="eb46508a-6877-4729-b2a1-eeddcd57ca35" />
      <TestMethod codeBase="/home/runner/work/MimeTypes/MimeTypes/ManagedCode.MimeTypes.Tests/bin/Debug/net9.0/ManagedCode.MimeTypes.Tests.dll" adapterTypeName="executor://xunit/VsTestRunner3/netcore/" className="ManagedCode.MimeTypes.Tests.MimeCategoryTests" name="EmptyMimeTypes_ShouldBeUnknown" />
    </UnitTest>
    <UnitTest name="ManagedCode.MimeTypes.Tests.MimeCategoryTests.ExecutableMimeTypes_ShouldBeExecutable(mime: &quot;application/x-msi&quot;)" storage="/home/runner/work/mimetypes/mimetypes/managedcode.mimetypes.tests/bin/debug/net9.0/managedcode.mimetypes.tests.dll" id="91e552e0-aa9f-3843-d54f-719eae0c0c6d">
      <Execution id="43719863-e8eb-42bb-862b-617139a5d53a" />
      <TestMethod codeBase="/home/runner/work/MimeTypes/MimeTypes/ManagedCode.MimeTypes.Tests/bin/Debug/net9.0/ManagedCode.MimeTypes.Tests.dll" adapterTypeName="executor://xunit/VsTestRunner3/netcore/" className="ManagedCode.MimeTypes.Tests.MimeCategoryTests" name="ExecutableMimeTypes_ShouldBeExecutable" />
    </UnitTest>
    <UnitTest name="ManagedCode.MimeTypes.Tests.MimeCategoryTests.XmlMimeTypes_ShouldBeXml(mime: &quot;application/xml&quot;)" storage="/home/runner/work/mimetypes/mimetypes/managedcode.mimetypes.tests/bin/debug/net9.0/managedcode.mimetypes.tests.dll" id="9b2409b0-525c-0a1a-771b-beab4333cbef">
      <Execution id="7d3c22fb-5ea3-4033-9fbe-efa77f4ff21f" />
      <TestMethod codeBase="/home/runner/work/MimeTypes/MimeTypes/ManagedCode.MimeTypes.Tests/bin/Debug/net9.0/ManagedCode.MimeTypes.Tests.dll" adapterTypeName="executor://xunit/VsTestRunner3/netcore/" className="ManagedCode.MimeTypes.Tests.MimeCategoryTests" name="XmlMimeTypes_ShouldBeXml" />
    </UnitTest>
    <UnitTest name="ManagedCode.MimeTypes.Tests.ContentDetectionTests.FilePathOverload_ShouldDetect" storage="/home/runner/work/mimetypes/mimetypes/managedcode.mimetypes.tests/bin/debug/net9.0/managedcode.mimetypes.tests.dll" id="dc1e8227-1da0-ae01-00f8-62d6fabd9578">
      <Execution id="421eaabe-6530-4af1-8a42-253e027ced44" />
      <TestMethod codeBase="/home/runner/work/MimeTypes/MimeTypes/ManagedCode.MimeTypes.Tests/bin/Debug/net9.0/ManagedCode.MimeTypes.Tests.dll" adapterTypeName="executor://xunit/VsTestRunner3/netcore/" className="ManagedCode.MimeTypes.Tests.ContentDetectionTests" name="FilePathOverload_ShouldDetect" />
    </UnitTest>
    <UnitTest name="ManagedCode.MimeTypes.Tests.MimeCategoryTests.JsonMimeTypes_ShouldBeJson(mime: &quot;application/activity+json&quot;)" storage="/home/runner/work/mimetypes/mimetypes/managedcode.mimetypes.tests/bin/debug/net9.0/managedcode.mimetypes.tests.dll" id="b9613faf-bf08-8c05-1251-46496ec33192">
      <Execution id="b480bdbb-d18a-4c93-af6c-6a1129678aee" />
      <TestMethod codeBase="/home/runner/work/MimeTypes/MimeTypes/ManagedCode.MimeTypes.Tests/bin/Debug/net9.0/ManagedCode.MimeTypes.Tests.dll" adapterTypeName="executor://xunit/VsTestRunner3/netcore/" className="ManagedCode.MimeTypes.Tests.MimeCategoryTests" name="JsonMimeTypes_ShouldBeJson" />
    </UnitTest>
    <UnitTest name="ManagedCode.MimeTypes.Tests.MimeCategoryTests.BasicMimeCategories_ShouldMatch(mime: &quot;video/x-msvideo&quot;, expectedCategory: Video)" storage="/home/runner/work/mimetypes/mimetypes/managedcode.mimetypes.tests/bin/debug/net9.0/managedcode.mimetypes.tests.dll" id="1b83a9ea-bcf1-ac66-d295-d84730ec2ebe">
      <Execution id="b4546ad9-f051-4dd2-a1be-ad8d2ee5771e" />
      <TestMethod codeBase="/home/runner/work/MimeTypes/MimeTypes/ManagedCode.MimeTypes.Tests/bin/Debug/net9.0/ManagedCode.MimeTypes.Tests.dll" adapterTypeName="executor://xunit/VsTestRunner3/netcore/" className="ManagedCode.MimeTypes.Tests.MimeCategoryTests" name="BasicMimeCategories_ShouldMatch" />
    </UnitTest>
    <UnitTest name="ManagedCode.MimeTypes.Tests.MimeCategoryTests.EmptyMimeTypes_ShouldBeUnknown(mime: &quot;   &quot;)" storage="/home/runner/work/mimetypes/mimetypes/managedcode.mimetypes.tests/bin/debug/net9.0/managedcode.mimetypes.tests.dll" id="9869f44f-6f49-0619-8c7f-f6c8977ce5bb">
      <Execution id="25d8502b-79aa-4e80-886e-255c89632955" />
      <TestMethod codeBase="/home/runner/work/MimeTypes/MimeTypes/ManagedCode.MimeTypes.Tests/bin/Debug/net9.0/ManagedCode.MimeTypes.Tests.dll" adapterTypeName="executor://xunit/VsTestRunner3/netcore/" className="ManagedCode.MimeTypes.Tests.MimeCategoryTests" name="EmptyMimeTypes_ShouldBeUnknown" />
    </UnitTest>
    <UnitTest name="ManagedCode.MimeTypes.Tests.MimeCategoryTests.ExecutableMimeTypes_ShouldBeExecutable(mime: &quot;application/x-apple-diskimage&quot;)" storage="/home/runner/work/mimetypes/mimetypes/managedcode.mimetypes.tests/bin/debug/net9.0/managedcode.mimetypes.tests.dll" id="5cbc9f9f-9542-8a08-effd-d6d32c4d6cfb">
      <Execution id="45cae598-e8d8-43c6-bd5f-24a8c48b00b1" />
      <TestMethod codeBase="/home/runner/work/MimeTypes/MimeTypes/ManagedCode.MimeTypes.Tests/bin/Debug/net9.0/ManagedCode.MimeTypes.Tests.dll" adapterTypeName="executor://xunit/VsTestRunner3/netcore/" className="ManagedCode.MimeTypes.Tests.MimeCategoryTests" name="ExecutableMimeTypes_ShouldBeExecutable" />
    </UnitTest>
    <UnitTest name="ManagedCode.MimeTypes.Tests.MimeCategoryTests.ExecutableMimeTypes_ShouldBeExecutable(mime: &quot;application/x-executable&quot;)" storage="/home/runner/work/mimetypes/mimetypes/managedcode.mimetypes.tests/bin/debug/net9.0/managedcode.mimetypes.tests.dll" id="f3d23dd1-0da0-6be2-1000-b92b8225899a">
      <Execution id="e99993d3-1d17-4175-a3ac-c8a042537ee9" />
      <TestMethod codeBase="/home/runner/work/MimeTypes/MimeTypes/ManagedCode.MimeTypes.Tests/bin/Debug/net9.0/ManagedCode.MimeTypes.Tests.dll" adapterTypeName="executor://xunit/VsTestRunner3/netcore/" className="ManagedCode.MimeTypes.Tests.MimeCategoryTests" name="ExecutableMimeTypes_ShouldBeExecutable" />
    </UnitTest>
    <UnitTest name="ManagedCode.MimeTypes.Tests.MimeCategoryTests.BasicMimeCategories_ShouldMatch(mime: &quot;audio/midi&quot;, expectedCategory: Audio)" storage="/home/runner/work/mimetypes/mimetypes/managedcode.mimetypes.tests/bin/debug/net9.0/managedcode.mimetypes.tests.dll" id="73117744-d979-e681-d0d4-3aec4963b1f4">
      <Execution id="b0467d47-3a77-4e2e-9716-f7334da858e6" />
      <TestMethod codeBase="/home/runner/work/MimeTypes/MimeTypes/ManagedCode.MimeTypes.Tests/bin/Debug/net9.0/ManagedCode.MimeTypes.Tests.dll" adapterTypeName="executor://xunit/VsTestRunner3/netcore/" className="ManagedCode.MimeTypes.Tests.MimeCategoryTests" name="BasicMimeCategories_ShouldMatch" />
    </UnitTest>
    <UnitTest name="ManagedCode.MimeTypes.Tests.MimeCategoryTests.CertificateMimeTypes_ShouldBeCertificate(mime: &quot;application/x-x509-ca-cert&quot;)" storage="/home/runner/work/mimetypes/mimetypes/managedcode.mimetypes.tests/bin/debug/net9.0/managedcode.mimetypes.tests.dll" id="d71659be-01a5-9996-317a-684b9cbed495">
      <Execution id="ed7d7282-897c-41e6-b9b3-364453f7a6b4" />
      <TestMethod codeBase="/home/runner/work/MimeTypes/MimeTypes/ManagedCode.MimeTypes.Tests/bin/Debug/net9.0/ManagedCode.MimeTypes.Tests.dll" adapterTypeName="executor://xunit/VsTestRunner3/netcore/" className="ManagedCode.MimeTypes.Tests.MimeCategoryTests" name="CertificateMimeTypes_ShouldBeCertificate" />
    </UnitTest>
    <UnitTest name="ManagedCode.MimeTypes.Tests.MimeCategoryTests.XmlMimeTypes_ShouldBeXml(mime: &quot;application/mathml+xml&quot;)" storage="/home/runner/work/mimetypes/mimetypes/managedcode.mimetypes.tests/bin/debug/net9.0/managedcode.mimetypes.tests.dll" id="d72bb4f2-8df9-4fc0-1c4c-382f8467979c">
      <Execution id="b8add9f5-bfca-47e7-a0c4-f65e0a3890ce" />
      <TestMethod codeBase="/home/runner/work/MimeTypes/MimeTypes/ManagedCode.MimeTypes.Tests/bin/Debug/net9.0/ManagedCode.MimeTypes.Tests.dll" adapterTypeName="executor://xunit/VsTestRunner3/netcore/" className="ManagedCode.MimeTypes.Tests.MimeCategoryTests" name="XmlMimeTypes_ShouldBeXml" />
    </UnitTest>
    <UnitTest name="ManagedCode.MimeTypes.Tests.MimeCategoryTests.WordDocumentMimeTypes_ShouldBeDocument(mime: &quot;application/vnd.openxmlformats-officedocument.word&quot;···)" storage="/home/runner/work/mimetypes/mimetypes/managedcode.mimetypes.tests/bin/debug/net9.0/managedcode.mimetypes.tests.dll" id="07e77815-9e06-2db8-7782-d199717439a2">
      <Execution id="d3d913c0-7c14-43a9-a5ea-a84efa3895e8" />
      <TestMethod codeBase="/home/runner/work/MimeTypes/MimeTypes/ManagedCode.MimeTypes.Tests/bin/Debug/net9.0/ManagedCode.MimeTypes.Tests.dll" adapterTypeName="executor://xunit/VsTestRunner3/netcore/" className="ManagedCode.MimeTypes.Tests.MimeCategoryTests" name="WordDocumentMimeTypes_ShouldBeDocument" />
    </UnitTest>
    <UnitTest name="ManagedCode.MimeTypes.Tests.ContentDetectionTests.ZipHeader_ShouldFallbackToZip" storage="/home/runner/work/mimetypes/mimetypes/managedcode.mimetypes.tests/bin/debug/net9.0/managedcode.mimetypes.tests.dll" id="4d972c6d-b773-5aff-161e-f49243e906c7">
      <Execution id="758c0133-a18d-4764-99f2-461ddf2fe93f" />
      <TestMethod codeBase="/home/runner/work/MimeTypes/MimeTypes/ManagedCode.MimeTypes.Tests/bin/Debug/net9.0/ManagedCode.MimeTypes.Tests.dll" adapterTypeName="executor://xunit/VsTestRunner3/netcore/" className="ManagedCode.MimeTypes.Tests.ContentDetectionTests" name="ZipHeader_ShouldFallbackToZip" />
    </UnitTest>
    <UnitTest name="ManagedCode.MimeTypes.Tests.ContentDetectionTests.Mp4Header_ShouldBeDetected" storage="/home/runner/work/mimetypes/mimetypes/managedcode.mimetypes.tests/bin/debug/net9.0/managedcode.mimetypes.tests.dll" id="ffc393e9-3024-ebc7-2060-41e32c517f05">
      <Execution id="01b0106e-66e7-45b9-9aa3-d0e6b9902cdf" />
      <TestMethod codeBase="/home/runner/work/MimeTypes/MimeTypes/ManagedCode.MimeTypes.Tests/bin/Debug/net9.0/ManagedCode.MimeTypes.Tests.dll" adapterTypeName="executor://xunit/VsTestRunner3/netcore/" className="ManagedCode.MimeTypes.Tests.ContentDetectionTests" name="Mp4Header_ShouldBeDetected" />
    </UnitTest>
    <UnitTest name="ManagedCode.MimeTypes.Tests.MimeCategoryTests.ArchiveMimeTypes_ShouldBeArchive(mime: &quot;application/gzip&quot;)" storage="/home/runner/work/mimetypes/mimetypes/managedcode.mimetypes.tests/bin/debug/net9.0/managedcode.mimetypes.tests.dll" id="a50a5bd8-c18d-9ab5-85e1-706d9755b578">
      <Execution id="841505a3-b992-4e24-af94-d1e9e8ee525d" />
      <TestMethod codeBase="/home/runner/work/MimeTypes/MimeTypes/ManagedCode.MimeTypes.Tests/bin/Debug/net9.0/ManagedCode.MimeTypes.Tests.dll" adapterTypeName="executor://xunit/VsTestRunner3/netcore/" className="ManagedCode.MimeTypes.Tests.MimeCategoryTests" name="ArchiveMimeTypes_ShouldBeArchive" />
    </UnitTest>
    <UnitTest name="ManagedCode.MimeTypes.Tests.MimeCategoryTests.ExecutableMimeTypes_ShouldBeExecutable(mime: &quot;application/x-msdownload&quot;)" storage="/home/runner/work/mimetypes/mimetypes/managedcode.mimetypes.tests/bin/debug/net9.0/managedcode.mimetypes.tests.dll" id="56f15c12-9117-5adc-e7c3-2490d8f0db7d">
      <Execution id="c8409494-b033-40ae-add9-75518b271358" />
      <TestMethod codeBase="/home/runner/work/MimeTypes/MimeTypes/ManagedCode.MimeTypes.Tests/bin/Debug/net9.0/ManagedCode.MimeTypes.Tests.dll" adapterTypeName="executor://xunit/VsTestRunner3/netcore/" className="ManagedCode.MimeTypes.Tests.MimeCategoryTests" name="ExecutableMimeTypes_ShouldBeExecutable" />
    </UnitTest>
    <UnitTest name="ManagedCode.MimeTypes.Tests.MimeCategoryTests.BasicMimeCategories_ShouldMatch(mime: &quot;text/plain&quot;, expectedCategory: Text)" storage="/home/runner/work/mimetypes/mimetypes/managedcode.mimetypes.tests/bin/debug/net9.0/managedcode.mimetypes.tests.dll" id="1e7ac6be-4fc0-a850-c51d-ccaf07afadd2">
      <Execution id="ad0959c1-da9a-497a-9846-efed800a6533" />
      <TestMethod codeBase="/home/runner/work/MimeTypes/MimeTypes/ManagedCode.MimeTypes.Tests/bin/Debug/net9.0/ManagedCode.MimeTypes.Tests.dll" adapterTypeName="executor://xunit/VsTestRunner3/netcore/" className="ManagedCode.MimeTypes.Tests.MimeCategoryTests" name="BasicMimeCategories_ShouldMatch" />
    </UnitTest>
    <UnitTest name="ManagedCode.MimeTypes.Tests.MimeCategoryTests.BasicMimeCategories_ShouldMatch(mime: &quot;text/html&quot;, expectedCategory: Text)" storage="/home/runner/work/mimetypes/mimetypes/managedcode.mimetypes.tests/bin/debug/net9.0/managedcode.mimetypes.tests.dll" id="930c0ba7-f833-0033-c625-ef0e1060b8c2">
      <Execution id="3c53b038-2978-4552-9702-ad9727282ca7" />
      <TestMethod codeBase="/home/runner/work/MimeTypes/MimeTypes/ManagedCode.MimeTypes.Tests/bin/Debug/net9.0/ManagedCode.MimeTypes.Tests.dll" adapterTypeName="executor://xunit/VsTestRunner3/netcore/" className="ManagedCode.MimeTypes.Tests.MimeCategoryTests" name="BasicMimeCategories_ShouldMatch" />
    </UnitTest>
    <UnitTest name="ManagedCode.MimeTypes.Tests.MimeCategoryTests.BasicMimeCategories_ShouldMatch(mime: &quot;font/woff2&quot;, expectedCategory: Font)" storage="/home/runner/work/mimetypes/mimetypes/managedcode.mimetypes.tests/bin/debug/net9.0/managedcode.mimetypes.tests.dll" id="7e5bb02b-7899-7f65-c2a7-27dcf33af52a">
      <Execution id="517a0d1e-f047-4050-a5bc-ce26a5da8ad9" />
      <TestMethod codeBase="/home/runner/work/MimeTypes/MimeTypes/ManagedCode.MimeTypes.Tests/bin/Debug/net9.0/ManagedCode.MimeTypes.Tests.dll" adapterTypeName="executor://xunit/VsTestRunner3/netcore/" className="ManagedCode.MimeTypes.Tests.MimeCategoryTests" name="BasicMimeCategories_ShouldMatch" />
    </UnitTest>
    <UnitTest name="ManagedCode.MimeTypes.Tests.MimeCategoryTests.BasicMimeCategories_ShouldMatch(mime: &quot;audio/mpeg&quot;, expectedCategory: Audio)" storage="/home/runner/work/mimetypes/mimetypes/managedcode.mimetypes.tests/bin/debug/net9.0/managedcode.mimetypes.tests.dll" id="e18f9ccb-76ef-f10c-e310-d18776274fbe">
      <Execution id="7b0c06d8-4ca5-446b-bc38-e39b7bf4a1b5" />
      <TestMethod codeBase="/home/runner/work/MimeTypes/MimeTypes/ManagedCode.MimeTypes.Tests/bin/Debug/net9.0/ManagedCode.MimeTypes.Tests.dll" adapterTypeName="executor://xunit/VsTestRunner3/netcore/" className="ManagedCode.MimeTypes.Tests.MimeCategoryTests" name="BasicMimeCategories_ShouldMatch" />
    </UnitTest>
    <UnitTest name="ManagedCode.MimeTypes.Tests.MimeCategoryTests.XmlMimeTypes_ShouldBeXml(mime: &quot;text/xml&quot;)" storage="/home/runner/work/mimetypes/mimetypes/managedcode.mimetypes.tests/bin/debug/net9.0/managedcode.mimetypes.tests.dll" id="79501081-f8c5-3308-a6bc-915cd1a40aa7">
      <Execution id="5174854c-7bf1-4981-b2e4-4fcac3d17b5e" />
      <TestMethod codeBase="/home/runner/work/MimeTypes/MimeTypes/ManagedCode.MimeTypes.Tests/bin/Debug/net9.0/ManagedCode.MimeTypes.Tests.dll" adapterTypeName="executor://xunit/VsTestRunner3/netcore/" className="ManagedCode.MimeTypes.Tests.MimeCategoryTests" name="XmlMimeTypes_ShouldBeXml" />
    </UnitTest>
  </TestDefinitions>
  <TestEntries>
    <TestEntry testId="0c880a6c-9e24-7662-e230-5829abfc984c" executionId="0491add2-f0da-4310-a915-c02f02658148" testListId="8c84fa94-04c1-424b-9868-57a2d4851a1d" />
    <TestEntry testId="73117744-d979-e681-d0d4-3aec4963b1f4" executionId="b0467d47-3a77-4e2e-9716-f7334da858e6" testListId="8c84fa94-04c1-424b-9868-57a2d4851a1d" />
    <TestEntry testId="cca6d3ba-8f8d-fd3b-dbd1-1a25d953fbf3" executionId="96020bf9-db33-4619-9c17-c5ddb0d880fa" testListId="8c84fa94-04c1-424b-9868-57a2d4851a1d" />
    <TestEntry testId="1e7ac6be-4fc0-a850-c51d-ccaf07afadd2" executionId="ad0959c1-da9a-497a-9846-efed800a6533" testListId="8c84fa94-04c1-424b-9868-57a2d4851a1d" />
    <TestEntry testId="5f299049-2758-c4d1-3c06-07f364f32f3b" executionId="bb95584d-243e-42ba-917f-d5bf8a7f975d" testListId="8c84fa94-04c1-424b-9868-57a2d4851a1d" />
    <TestEntry testId="dc1e8227-1da0-ae01-00f8-62d6fabd9578" executionId="421eaabe-6530-4af1-8a42-253e027ced44" testListId="8c84fa94-04c1-424b-9868-57a2d4851a1d" />
    <TestEntry testId="f0a75824-9def-8c88-af1f-0c7f2266e9dd" executionId="56ffbda4-2155-416f-88cb-aab0e7cd196b" testListId="8c84fa94-04c1-424b-9868-57a2d4851a1d" />
    <TestEntry testId="9b2409b0-525c-0a1a-771b-beab4333cbef" executionId="7d3c22fb-5ea3-4033-9fbe-efa77f4ff21f" testListId="8c84fa94-04c1-424b-9868-57a2d4851a1d" />
    <TestEntry testId="3c017b5e-3121-3760-4852-df60d2135419" executionId="b483ad80-1229-4edf-bf34-1926d3bc73d2" testListId="8c84fa94-04c1-424b-9868-57a2d4851a1d" />
    <TestEntry testId="72b96d65-2fc0-dcd2-c59d-6b38e60a5f09" executionId="2b703aea-0d65-4ee5-acfd-878a8a410504" testListId="8c84fa94-04c1-424b-9868-57a2d4851a1d" />
    <TestEntry testId="e14c07f0-2fd7-eaec-bffb-067642752ff5" executionId="5cb065db-ca31-45bb-adc8-120ea2e24233" testListId="8c84fa94-04c1-424b-9868-57a2d4851a1d" />
    <TestEntry testId="32ae5471-eab8-b4d7-9c01-74e788dd6d8f" executionId="52db76ac-f5df-4263-9c64-5b1b5de7b112" testListId="8c84fa94-04c1-424b-9868-57a2d4851a1d" />
    <TestEntry testId="5c63dbcd-5047-2ba0-38c5-907b2ea0d078" executionId="44654278-d8cc-4ee3-a59d-5a9ba0929bcf" testListId="8c84fa94-04c1-424b-9868-57a2d4851a1d" />
    <TestEntry testId="15717058-346f-921e-5ac6-daefc29ede2f" executionId="776d8287-c0a8-4b08-bdd1-557f944615a5" testListId="8c84fa94-04c1-424b-9868-57a2d4851a1d" />
    <TestEntry testId="9a89f9bd-5adc-96d7-089d-4256b370313e" executionId="1f0b5b61-6f83-4ecc-af48-a697d3583bdf" testListId="8c84fa94-04c1-424b-9868-57a2d4851a1d" />
    <TestEntry testId="91e552e0-aa9f-3843-d54f-719eae0c0c6d" executionId="43719863-e8eb-42bb-862b-617139a5d53a" testListId="8c84fa94-04c1-424b-9868-57a2d4851a1d" />
    <TestEntry testId="f3d23dd1-0da0-6be2-1000-b92b8225899a" executionId="e99993d3-1d17-4175-a3ac-c8a042537ee9" testListId="8c84fa94-04c1-424b-9868-57a2d4851a1d" />
    <TestEntry testId="4aca8d5a-5831-a934-edae-7bb35b401bf5" executionId="6f4ca45f-bdfa-4ae8-910c-dce11ac63716" testListId="8c84fa94-04c1-424b-9868-57a2d4851a1d" />
    <TestEntry testId="339707e5-11d4-88ba-ca31-d5abbe69b589" executionId="48066f8d-f6a5-4e7a-b2eb-d2c1f1477e8b" testListId="8c84fa94-04c1-424b-9868-57a2d4851a1d" />
    <TestEntry testId="ffc393e9-3024-ebc7-2060-41e32c517f05" executionId="01b0106e-66e7-45b9-9aa3-d0e6b9902cdf" testListId="8c84fa94-04c1-424b-9868-57a2d4851a1d" />
    <TestEntry testId="a50a5bd8-c18d-9ab5-85e1-706d9755b578" executionId="841505a3-b992-4e24-af94-d1e9e8ee525d" testListId="8c84fa94-04c1-424b-9868-57a2d4851a1d" />
    <TestEntry testId="b9613faf-bf08-8c05-1251-46496ec33192" executionId="b480bdbb-d18a-4c93-af6c-6a1129678aee" testListId="8c84fa94-04c1-424b-9868-57a2d4851a1d" />
    <TestEntry testId="4f19f0cf-dddb-4684-3e90-a74f31379c59" executionId="508fb9c8-d02b-4555-b2e2-99d59e008cb8" testListId="8c84fa94-04c1-424b-9868-57a2d4851a1d" />
    <TestEntry testId="4751d891-71d6-fe93-59c1-8206af82a43a" executionId="7e1c9218-16cc-4b03-a441-943e5eb94df5" testListId="8c84fa94-04c1-424b-9868-57a2d4851a1d" />
    <TestEntry testId="3372bcd7-7c6c-1c64-df67-89b38998d427" executionId="e39f942e-1bd5-45de-8408-91ff28a0cacd" testListId="8c84fa94-04c1-424b-9868-57a2d4851a1d" />
    <TestEntry testId="7e5bb02b-7899-7f65-c2a7-27dcf33af52a" executionId="517a0d1e-f047-4050-a5bc-ce26a5da8ad9" testListId="8c84fa94-04c1-424b-9868-57a2d4851a1d" />
    <TestEntry testId="bd7a691a-d432-c4f9-2db1-1e865e9d4f52" executionId="61a4f8f8-562f-470c-9aef-545bcb304e4f" testListId="8c84fa94-04c1-424b-9868-57a2d4851a1d" />
    <TestEntry testId="adda527c-ebe8-097f-3da1-691706519a50" executionId="1a6b26db-c097-49ed-9a7d-d509b5c51607" testListId="8c84fa94-04c1-424b-9868-57a2d4851a1d" />
    <TestEntry testId="535fb0cb-fc5b-35c2-0465-4fe18eda5fd4" executionId="1adc07f2-a87a-4908-8a6a-ed9df92149d4" testListId="8c84fa94-04c1-424b-9868-57a2d4851a1d" />
    <TestEntry testId="ac71a68d-ec90-046c-3739-f580ed4552a3" executionId="6f7b7f29-6ecf-4b8d-bd06-0d6d9df3c9c7" testListId="8c84fa94-04c1-424b-9868-57a2d4851a1d" />
    <TestEntry testId="f1af7270-00a4-945d-d086-fe5b44b5bcb2" executionId="09db7162-bfb7-43d3-82ea-83af0aa06f84" testListId="8c84fa94-04c1-424b-9868-57a2d4851a1d" />
    <TestEntry testId="930c0ba7-f833-0033-c625-ef0e1060b8c2" executionId="3c53b038-2978-4552-9702-ad9727282ca7" testListId="8c84fa94-04c1-424b-9868-57a2d4851a1d" />
    <TestEntry testId="cb59e0b9-c62d-92b2-6e3f-f101813dfe53" executionId="09643097-a035-4255-927e-378614ea27a6" testListId="8c84fa94-04c1-424b-9868-57a2d4851a1d" />
    <TestEntry testId="d72bb4f2-8df9-4fc0-1c4c-382f8467979c" executionId="b8add9f5-bfca-47e7-a0c4-f65e0a3890ce" testListId="8c84fa94-04c1-424b-9868-57a2d4851a1d" />
    <TestEntry testId="b4f042c7-ca79-c2c5-1a19-019877f61d79" executionId="95b27853-b125-4def-b95d-14eb1e87399d" testListId="8c84fa94-04c1-424b-9868-57a2d4851a1d" />
    <TestEntry testId="5753eb7c-1759-8608-f4be-0e1cf38a4878" executionId="483a2f64-9eda-494f-a4e8-a94a424c1bb8" testListId="8c84fa94-04c1-424b-9868-57a2d4851a1d" />
    <TestEntry testId="63d70ae8-13b3-3451-4814-fa962ba764ef" executionId="ebe06b1d-84cc-45e4-9c61-34c6d65c11c9" testListId="8c84fa94-04c1-424b-9868-57a2d4851a1d" />
    <TestEntry testId="5cbc9f9f-9542-8a08-effd-d6d32c4d6cfb" executionId="45cae598-e8d8-43c6-bd5f-24a8c48b00b1" testListId="8c84fa94-04c1-424b-9868-57a2d4851a1d" />
    <TestEntry testId="1dbcb2fd-eedf-7852-25cd-33d3f9c57612" executionId="36f1eef7-f8d0-4324-b1e8-8c9993d9d200" testListId="8c84fa94-04c1-424b-9868-57a2d4851a1d" />
    <TestEntry testId="7e98a493-b792-98a0-032d-51170cf4e822" executionId="8a742f4d-a890-4354-bb71-274ed3825a6f" testListId="8c84fa94-04c1-424b-9868-57a2d4851a1d" />
    <TestEntry testId="835420e7-8dcd-75f0-8c2d-7af9d3554a49" executionId="3bedd156-c9a2-4b4c-8a0e-7419c9fe3071" testListId="8c84fa94-04c1-424b-9868-57a2d4851a1d" />
    <TestEntry testId="dd0d701a-013f-fd1d-596a-ea6736052d9e" executionId="46957679-952b-4588-bc99-a497e24367f7" testListId="8c84fa94-04c1-424b-9868-57a2d4851a1d" />
    <TestEntry testId="ad210acf-f1e4-4b3f-e2d6-c4288371e4b6" executionId="bce9a732-1d85-4616-b247-d474604a81c4" testListId="8c84fa94-04c1-424b-9868-57a2d4851a1d" />
    <TestEntry testId="07e77815-9e06-2db8-7782-d199717439a2" executionId="d3d913c0-7c14-43a9-a5ea-a84efa3895e8" testListId="8c84fa94-04c1-424b-9868-57a2d4851a1d" />
    <TestEntry testId="5e2757ce-06b4-8538-6a00-cd60084cff35" executionId="99cae6f9-e33a-4328-8056-56abea451110" testListId="8c84fa94-04c1-424b-9868-57a2d4851a1d" />
    <TestEntry testId="4ebefa14-b9a7-f1c3-ed04-5ff6ed0eab08" executionId="67947a0d-8699-450b-8c4d-73a7567ce511" testListId="8c84fa94-04c1-424b-9868-57a2d4851a1d" />
    <TestEntry testId="d71659be-01a5-9996-317a-684b9cbed495" executionId="ed7d7282-897c-41e6-b9b3-364453f7a6b4" testListId="8c84fa94-04c1-424b-9868-57a2d4851a1d" />
    <TestEntry testId="c6dc8e05-deb4-aba1-c015-e40f44ce0bc4" executionId="7be952e9-4ed0-4b2d-bc28-7766b78a5674" testListId="8c84fa94-04c1-424b-9868-57a2d4851a1d" />
    <TestEntry testId="066c9b77-bbd5-ac46-b7bf-6664ddeda961" executionId="7082d742-8659-422c-9477-aca360c5b74d" testListId="8c84fa94-04c1-424b-9868-57a2d4851a1d" />
    <TestEntry testId="ebfc1c88-7737-b36f-5cee-da985c98e36e" executionId="0a584d28-5e93-4a0e-bccb-ce30334a41e3" testListId="8c84fa94-04c1-424b-9868-57a2d4851a1d" />
    <TestEntry testId="c201bc6c-dee0-3f6b-1d29-4dd317a688c4" executionId="a8445b5e-ab16-47f1-8130-23380c3445b3" testListId="8c84fa94-04c1-424b-9868-57a2d4851a1d" />
    <TestEntry testId="79501081-f8c5-3308-a6bc-915cd1a40aa7" executionId="5174854c-7bf1-4981-b2e4-4fcac3d17b5e" testListId="8c84fa94-04c1-424b-9868-57a2d4851a1d" />
    <TestEntry testId="4d972c6d-b773-5aff-161e-f49243e906c7" executionId="758c0133-a18d-4764-99f2-461ddf2fe93f" testListId="8c84fa94-04c1-424b-9868-57a2d4851a1d" />
    <TestEntry testId="0eefffea-8275-e396-ada3-59fcce75a43e" executionId="9a2e3ed9-caa6-4519-9b5a-522260f538cd" testListId="8c84fa94-04c1-424b-9868-57a2d4851a1d" />
    <TestEntry testId="56f15c12-9117-5adc-e7c3-2490d8f0db7d" executionId="c8409494-b033-40ae-add9-75518b271358" testListId="8c84fa94-04c1-424b-9868-57a2d4851a1d" />
    <TestEntry testId="a640372a-caf2-020d-271d-dba8a803ce92" executionId="39cf8087-6921-4ad8-a97b-503294a19b09" testListId="8c84fa94-04c1-424b-9868-57a2d4851a1d" />
    <TestEntry testId="03bef05b-6a48-573e-65c6-56423842f666" executionId="eb46508a-6877-4729-b2a1-eeddcd57ca35" testListId="8c84fa94-04c1-424b-9868-57a2d4851a1d" />
    <TestEntry testId="eea9e8e8-e74a-8c57-c251-fd3c867bddb3" executionId="45cfe482-6048-4d23-85de-9d0f55de5af9" testListId="8c84fa94-04c1-424b-9868-57a2d4851a1d" />
    <TestEntry testId="5e623721-2d8a-5451-c7f7-ce3905d82b60" executionId="9d1c686a-a017-4788-8c0f-5057aca3e1bf" testListId="8c84fa94-04c1-424b-9868-57a2d4851a1d" />
    <TestEntry testId="3fc1c83f-5904-eedc-dd65-162ba3081497" executionId="53a0c1fc-9805-48af-b58b-12f783955e04" testListId="8c84fa94-04c1-424b-9868-57a2d4851a1d" />
    <TestEntry testId="4a16a0da-e5d4-c8ce-32fb-8f10c4e72008" executionId="a0eaa7b7-c3a2-4d63-af85-4c58aea60a0a" testListId="8c84fa94-04c1-424b-9868-57a2d4851a1d" />
    <TestEntry testId="d45882a1-43b0-856d-c94d-3fc3430c78d5" executionId="abb19c05-e2d2-4368-9224-8412269d754c" testListId="8c84fa94-04c1-424b-9868-57a2d4851a1d" />
    <TestEntry testId="8b37ee92-2a45-1f53-2e00-8dd37ae33597" executionId="75b43e0f-2920-44c6-ad8b-c358b6db8b79" testListId="8c84fa94-04c1-424b-9868-57a2d4851a1d" />
    <TestEntry testId="e18f9ccb-76ef-f10c-e310-d18776274fbe" executionId="7b0c06d8-4ca5-446b-bc38-e39b7bf4a1b5" testListId="8c84fa94-04c1-424b-9868-57a2d4851a1d" />
    <TestEntry testId="9869f44f-6f49-0619-8c7f-f6c8977ce5bb" executionId="25d8502b-79aa-4e80-886e-255c89632955" testListId="8c84fa94-04c1-424b-9868-57a2d4851a1d" />
    <TestEntry testId="92f5925d-add0-0dea-d866-1446b229400d" executionId="cc787d48-f3b2-4873-8194-042b76a7bbd0" testListId="8c84fa94-04c1-424b-9868-57a2d4851a1d" />
    <TestEntry testId="1b83a9ea-bcf1-ac66-d295-d84730ec2ebe" executionId="b4546ad9-f051-4dd2-a1be-ad8d2ee5771e" testListId="8c84fa94-04c1-424b-9868-57a2d4851a1d" />
    <TestEntry testId="b4d07a7e-a7b9-b2cc-4ee8-dcdf53bff049" executionId="f0ad5d01-ab74-44f1-b3c2-6552eb392b59" testListId="8c84fa94-04c1-424b-9868-57a2d4851a1d" />
  </TestEntries>
  <TestLists>
    <TestList name="Results Not in a List" id="8c84fa94-04c1-424b-9868-57a2d4851a1d" />
    <TestList name="All Loaded Results" id="19431567-8539-422a-85d7-44ee4e166bda" />
  </TestLists>
  <ResultSummary outcome="Completed">
    <Counters total="68" executed="68" passed="68" failed="0" error="0" timeout="0" aborted="0" inconclusive="0" passedButRunAborted="0" notRunnable="0" notExecuted="0" disconnected="0" warning="0" completed="0" inProgress="0" pending="0" />
    <Output>
      <StdOut>[xUnit.net 00:00:00.00] xUnit.net VSTest Adapter v3.0.1+f8675c32e5 (64-bit .NET 9.0.9)
[xUnit.net 00:00:00.07]   Discovering: ManagedCode.MimeTypes.Tests
[xUnit.net 00:00:00.12]   Discovered:  ManagedCode.MimeTypes.Tests
[xUnit.net 00:00:00.16]   Starting:    ManagedCode.MimeTypes.Tests
[xUnit.net 00:00:00.30]   Finished:    ManagedCode.MimeTypes.Tests
</StdOut>
    </Output>
  </ResultSummary>
</TestRun>